
E:\SW\source\N65\N65\N65_V1\plutommi\Customer\ResGenerator>rem

E:\SW\source\N65\N65\N65_V1\plutommi\Customer\ResGenerator>rem  Copyright Statement: 

E:\SW\source\N65\N65\N65_V1\plutommi\Customer\ResGenerator>rem  -------------------- 

E:\SW\source\N65\N65\N65_V1\plutommi\Customer\ResGenerator>rem  This software is protected by Copyright and the information contained 

E:\SW\source\N65\N65\N65_V1\plutommi\Customer\ResGenerator>rem  herein is confidential. The software may not be copied and the information 

E:\SW\source\N65\N65\N65_V1\plutommi\Customer\ResGenerator>rem  contained herein may not be used or disclosed except with the written 

E:\SW\source\N65\N65\N65_V1\plutommi\Customer\ResGenerator>rem  permission of MediaTek Inc. (C) 2005 

E:\SW\source\N65\N65\N65_V1\plutommi\Customer\ResGenerator>rem

E:\SW\source\N65\N65\N65_V1\plutommi\Customer\ResGenerator>rem  BY OPENING THIS FILE, BUYER HEREBY UNEQUIVOCALLY ACKNOWLEDGES AND AGREES 

E:\SW\source\N65\N65\N65_V1\plutommi\Customer\ResGenerator>rem  THAT THE SOFTWARE/FIRMWARE AND ITS DOCUMENTATIONS ("MEDIATEK SOFTWARE") 

E:\SW\source\N65\N65\N65_V1\plutommi\Customer\ResGenerator>rem  RECEIVED FROM MEDIATEK AND/OR ITS REPRESENTATIVES ARE PROVIDED TO BUYER ON 

E:\SW\source\N65\N65\N65_V1\plutommi\Customer\ResGenerator>rem  AN "AS-IS" BASIS ONLY. MEDIATEK EXPRESSLY DISCLAIMS ANY AND ALL WARRANTIES, 

E:\SW\source\N65\N65\N65_V1\plutommi\Customer\ResGenerator>rem  EXPRESS OR IMPLIED, INCLUDING BUT NOT LIMITED TO THE IMPLIED WARRANTIES OF 

E:\SW\source\N65\N65\N65_V1\plutommi\Customer\ResGenerator>rem  MERCHANTABILITY, FITNESS FOR A PARTICULAR PURPOSE OR NONINFRINGEMENT. 

E:\SW\source\N65\N65\N65_V1\plutommi\Customer\ResGenerator>rem  NEITHER DOES MEDIATEK PROVIDE ANY WARRANTY WHATSOEVER WITH RESPECT TO THE 

E:\SW\source\N65\N65\N65_V1\plutommi\Customer\ResGenerator>rem  SOFTWARE OF ANY THIRD PARTY WHICH MAY BE USED BY, INCORPORATED IN, OR 

E:\SW\source\N65\N65\N65_V1\plutommi\Customer\ResGenerator>rem  SUPPLIED WITH THE MEDIATEK SOFTWARE, AND BUYER AGREES TO LOOK ONLY TO SUCH 

E:\SW\source\N65\N65\N65_V1\plutommi\Customer\ResGenerator>rem  THIRD PARTY FOR ANY WARRANTY CLAIM RELATING THERETO. MEDIATEK SHALL ALSO 

E:\SW\source\N65\N65\N65_V1\plutommi\Customer\ResGenerator>rem  NOT BE RESPONSIBLE FOR ANY MEDIATEK SOFTWARE RELEASES MADE TO BUYER'S 

E:\SW\source\N65\N65\N65_V1\plutommi\Customer\ResGenerator>rem  SPECIFICATION OR TO CONFORM TO A PARTICULAR STANDARD OR OPEN FORUM. 

E:\SW\source\N65\N65\N65_V1\plutommi\Customer\ResGenerator>rem

E:\SW\source\N65\N65\N65_V1\plutommi\Customer\ResGenerator>rem  BUYER'S SOLE AND EXCLUSIVE REMEDY AND MEDIATEK'S ENTIRE AND CUMULATIVE 

E:\SW\source\N65\N65\N65_V1\plutommi\Customer\ResGenerator>rem  LIABILITY WITH RESPECT TO THE MEDIATEK SOFTWARE RELEASED HEREUNDER WILL BE, 

E:\SW\source\N65\N65\N65_V1\plutommi\Customer\ResGenerator>rem  AT MEDIATEK'S OPTION, TO REVISE OR REPLACE THE MEDIATEK SOFTWARE AT ISSUE, 

E:\SW\source\N65\N65\N65_V1\plutommi\Customer\ResGenerator>rem  OR REFUND ANY SOFTWARE LICENSE FEES OR SERVICE CHARGE PAID BY BUYER TO 

E:\SW\source\N65\N65\N65_V1\plutommi\Customer\ResGenerator>rem  MEDIATEK FOR SUCH MEDIATEK SOFTWARE AT ISSUE. 

E:\SW\source\N65\N65\N65_V1\plutommi\Customer\ResGenerator>rem

E:\SW\source\N65\N65\N65_V1\plutommi\Customer\ResGenerator>rem  THE TRANSACTION CONTEMPLATED HEREUNDER SHALL BE CONSTRUED IN ACCORDANCE 

E:\SW\source\N65\N65\N65_V1\plutommi\Customer\ResGenerator>rem  WITH THE LAWS OF THE STATE OF CALIFORNIA, USA, EXCLUDING ITS CONFLICT OF 

E:\SW\source\N65\N65\N65_V1\plutommi\Customer\ResGenerator>rem  LAWS PRINCIPLES.  ANY DISPUTES, CONTROVERSIES OR CLAIMS ARISING THEREOF AND 

E:\SW\source\N65\N65\N65_V1\plutommi\Customer\ResGenerator>rem  RELATED THERETO SHALL BE SETTLED BY ARBITRATION IN SAN FRANCISCO, CA, UNDER 

E:\SW\source\N65\N65\N65_V1\plutommi\Customer\ResGenerator>rem  THE RULES OF THE INTERNATIONAL CHAMBER OF COMMERCE (ICC). 

E:\SW\source\N65\N65\N65_V1\plutommi\Customer\ResGenerator>rem

E:\SW\source\N65\N65\N65_V1\plutommi\Customer\ResGenerator>echo off 
复制了 1 个文件
复制了 1 个文件
复制了 1 个文件
复制了 1 个文件
复制了 1 个文件
复制了 1 个文件
复制了 1 个文件
复制了 1 个文件
复制了 1 个文件
复制了 1 个文件
复制了 0 个文件
复制了 1 个文件
复制了 1 个文件
复制了 1 个文件
复制了 1 个文件
复制了 1 个文件
复制了 1 个文件
复制了 1 个文件
复制了 1 个文件
复制了 1 个文件
复制了 1 个文件
复制了 1 个文件
复制了 1 个文件
复制了 1 个文件
复制了 1 个文件
复制了 1 个文件
复制了 1 个文件
复制了 1 个文件
复制了 1 个文件
复制了 1 个文件
复制了 1 个文件
复制了 1 个文件
复制了 1 个文件
复制了 1 个文件
复制了 1 个文件
复制了 1 个文件
复制了 1 个文件
复制了 1 个文件
复制了 1 个文件
复制了 1 个文件
复制了 1 个文件
复制了 0 个文件
复制了 0 个文件
复制了 0 个文件
复制了 0 个文件
复制了 0 个文件
复制了 0 个文件
复制了 0 个文件
复制了 0 个文件
复制了 0 个文件
复制了 0 个文件
复制了 0 个文件
复制了 0 个文件
复制了 0 个文件
复制了 0 个文件
复制了 0 个文件
复制了 0 个文件
复制了 0 个文件
复制了 0 个文件
复制了 0 个文件
复制了 0 个文件
复制了 0 个文件
复制了 0 个文件
复制了 0 个文件
复制了 0 个文件
复制了 0 个文件
复制了 0 个文件
复制了 0 个文件
复制了 0 个文件
复制了 0 个文件
复制了 0 个文件
复制了 0 个文件
复制了 0 个文件
复制了 0 个文件
复制了 0 个文件
复制了 0 个文件
复制了 0 个文件
复制了 0 个文件
复制了 0 个文件
复制了 0 个文件
复制了 0 个文件
复制了 0 个文件
复制了 0 个文件
复制了 0 个文件
复制了 0 个文件
复制了 0 个文件
复制了 0 个文件
复制了 0 个文件
复制了 0 个文件
复制了 0 个文件
复制了 0 个文件
复制了 0 个文件
复制了 0 个文件
复制了 0 个文件
复制了 0 个文件
复制了 0 个文件
复制了 0 个文件
复制了 0 个文件
复制了 0 个文件
复制了 0 个文件
复制了 1 个文件
复制了 1 个文件
复制了 1 个文件
MediaTek Resource Generate System 0.1
[ABM enc] read buffer error: ..\\..\\CUSTOMER\\IMAGES\\EMPTYIMAGE.BMP
[ABM enc] parse BMP error, ..\\..\\CUSTOMER\\IMAGES\\PLUTO240X320\\MAINLCD\\UIELEMENT\\PROGRESSBAR\\0.PBM
[ABM enc] parse BMP error, ..\\..\\CUSTOMER\\IMAGES\\PLUTO240X320\\MAINLCD\\UIELEMENT\\PROGRESSBAR\\1.PBM
[ABM enc] parse BMP error, ..\\..\\CUSTOMER\\IMAGES\\PLUTO240X320\\MAINLCD\\UIELEMENT\\PROGRESSBAR\\2.PBM
[ABM enc] parse BMP error, ..\\..\\CUSTOMER\\IMAGES\\PLUTO240X320\\MAINLCD\\UIELEMENT\\PROGRESSBAR\\3.PBM
[ABM enc] parse BMP error, ..\\..\\CUSTOMER\\IMAGES\\PLUTO240X320\\MAINLCD\\UIELEMENT\\PROGRESSBAR\\4.PBM
[ABM enc] parse BMP error, ..\\..\\CUSTOMER\\IMAGES\\PLUTO240X320\\MAINLCD\\UIELEMENT\\PROGRESSBAR\\5.PBM
[ABM enc] parse BMP error, ..\\..\\CUSTOMER\\IMAGES\\PLUTO240X320\\MAINLCD\\UIELEMENT\\PROGRESSBAR\\6.PBM
[ABM enc] parse BMP error, ..\\..\\CUSTOMER\\IMAGES\\PLUTO240X320\\MAINLCD\\UIELEMENT\\PROGRESSBAR\\7.PBM
[ABM enc] parse BMP error, ..\\..\\CUSTOMER\\IMAGES\\PLUTO240X320\\MAINLCD\\UIELEMENT\\PROGRESSBAR\\8.PBM
[ABM enc] parse BMP error, ..\\..\\CUSTOMER\\IMAGES\\PLUTO240X320\\MAINLCD\\UIELEMENT\\PROGRESSBAR\\9.PBM
[ABM enc] parse BMP error, ..\\..\\CUSTOMER\\IMAGES\\PLUTO240X320\\MAINLCD\\UIELEMENT\\PROGRESSBAR\\PERCENT.PBM
Populating Golbal Resources
[ABM enc] parse BMP error, ..\\..\\CUSTOMER\\IMAGES\\PLUTO240X320\\MAINLCD\\ACTIVE\\POWERONOFF\\SMILE_LOGO.BMP
[ABM enc] parse BMP error, ..\\..\\CUSTOMER\\IMAGES\\PLUTO240X320\\MAINLCD\\ALARM\\OA_STATU.PBM
[ABM enc] parse BMP error, ..\\..\\CUSTOMER\\IMAGES\\PLUTO240X320\\MAINLCD\\ALARM\\OA_TIME.PBM
[ABM enc] parse BMP error, ..\\..\\CUSTOMER\\IMAGES\\PLUTO240X320\\MAINLCD\\ALARM\\OA_REPT.PBM
[ABM enc] parse BMP error, ..\\..\\CUSTOMER\\IMAGES\\PLUTO240X320\\MAINLCD\\SUBMENU\\SETTINGS\\DATEANDTIME\\ST_CALEN.PBM
[ABM enc] parse BMP error, ..\\..\\CUSTOMER\\IMAGES\\DEFAULT.BMP
convert.exe -channel Alpha -negate png:..\\..\\CUSTOMER\\IMAGES\\PLUTO240X320\\MAINLCD\\WARNINGPAGE\\NOTIFICATION\\N_HDSET.PNG bmp:..\\..\\CUSTOMER\\IMAGES\\PLUTO240X320\\MAINLCD\\WARNINGPAGE\\NOTIFICATION\\N_HDSET.BMPA
Populating Main Menu Resources
[ABM enc] read buffer error: ..\\..\\CUSTOMER\\IMAGES\\NOIMAGE.BMP
[ABM enc] parse BMP error, ..\\..\\CUSTOMER\\IMAGES\\PLUTO240X320\\MAINLCD\\MAINMENU\\PAGE\\TB_BG.PBM
[ABM enc] parse BMP error, ..\\..\\CUSTOMER\\IMAGES\\PLUTO240X320\\MAINLCD\\MAINMENU\\LIST\\TB_BG.PBM
[ABM enc] parse BMP error, ..\\..\\CUSTOMER\\IMAGES\\PLUTO240X320\\MAINLCD\\TITLEBAR\\TB_MG.PBM
[ABM enc] parse BMP error, ..\\..\\CUSTOMER\\IMAGES\\PLUTO240X320\\MAINLCD\\TITLEBAR\\TB_SC.PBM
Populating Idle Menu Resources
[ABM enc] parse BMP error, ..\\..\\CUSTOMER\\IMAGES\\PLUTO240X320\\MAINLCD\\IDLESCREEN\\STATUSICONS\\SI_3G.BMP
[ABM enc] parse BMP error, ..\\..\\CUSTOMER\\IMAGES\\PLUTO240X320\\MAINLCD\\IDLESCREEN\\STATUSICONS\\SI_ANY.BMP
[ABM enc] parse BMP error, ..\\..\\CUSTOMER\\IMAGES\\PLUTO240X320\\MAINLCD\\IDLESCREEN\\STATUSICONS\\DUALSIM\\CALLFORWARD\\MASTER\\SI_MGE_1.BMP
[ABM enc] parse BMP error, ..\\..\\CUSTOMER\\IMAGES\\PLUTO240X320\\MAINLCD\\IDLESCREEN\\STATUSICONS\\DUALSIM\\CALLFORWARD\\MASTER\\SI_FOR_L1_1.BMP
[ABM enc] parse BMP error, ..\\..\\CUSTOMER\\IMAGES\\PLUTO240X320\\MAINLCD\\IDLESCREEN\\STATUSICONS\\DUALSIM\\CALLFORWARD\\MASTER\\SI_FOR_L2_1.BMP
[ABM enc] parse BMP error, ..\\..\\CUSTOMER\\IMAGES\\PLUTO240X320\\MAINLCD\\IDLESCREEN\\STATUSICONS\\DUALSIM\\CALLFORWARD\\MASTER\\SI_FOR_1.BMP
convert.exe -channel Alpha -negate ..\\..\\CUSTOMER\\IMAGES\\PLUTO240X320\\MAINLCD\\JAVA\\JAVA_CONNECT\\0.PNG ..\\..\\CUSTOMER\\IMAGES\\PLUTO240X320\\MAINLCD\\JAVA\\JAVA_CONNECT\\0.BMP
convert.exe -channel Alpha -negate ..\\..\\CUSTOMER\\IMAGES\\PLUTO240X320\\MAINLCD\\JAVA\\JAVA_CONNECT\\1.PNG ..\\..\\CUSTOMER\\IMAGES\\PLUTO240X320\\MAINLCD\\JAVA\\JAVA_CONNECT\\1.BMP
convert.exe -channel Alpha -negate ..\\..\\CUSTOMER\\IMAGES\\PLUTO240X320\\MAINLCD\\JAVA\\JAVA_CONNECT\\2.PNG ..\\..\\CUSTOMER\\IMAGES\\PLUTO240X320\\MAINLCD\\JAVA\\JAVA_CONNECT\\2.BMP
convert.exe -channel Alpha -negate ..\\..\\CUSTOMER\\IMAGES\\PLUTO240X320\\MAINLCD\\JAVA\\JAVA_CONNECT\\3.PNG ..\\..\\CUSTOMER\\IMAGES\\PLUTO240X320\\MAINLCD\\JAVA\\JAVA_CONNECT\\3.BMP
convert.exe -channel Alpha -negate ..\\..\\CUSTOMER\\IMAGES\\PLUTO240X320\\MAINLCD\\JAVA\\JAVA_CONNECT\\4.PNG ..\\..\\CUSTOMER\\IMAGES\\PLUTO240X320\\MAINLCD\\JAVA\\JAVA_CONNECT\\4.BMP
convert.exe -channel Alpha -negate png:..\\..\\CUSTOMER\\IMAGES\\PLUTO240X320\\MAINLCD\\UIELEMENT\\VIRTUALKEYBOARD\\V_KBD_STANDARD.PNG bmp:..\\..\\CUSTOMER\\IMAGES\\PLUTO240X320\\MAINLCD\\UIELEMENT\\VIRTUALKEYBOARD\\V_KBD_STANDARD.BMPA
convert.exe -channel Alpha -negate png:..\\..\\CUSTOMER\\IMAGES\\PLUTO240X320\\MAINLCD\\UIELEMENT\\VIRTUALKEYBOARD\\V_KBD_EXTENDED.PNG bmp:..\\..\\CUSTOMER\\IMAGES\\PLUTO240X320\\MAINLCD\\UIELEMENT\\VIRTUALKEYBOARD\\V_KBD_EXTENDED.BMPA
convert.exe -channel Alpha -negate png:..\\..\\CUSTOMER\\IMAGES\\PLUTO240X320\\MAINLCD\\UIELEMENT\\VIRTUALKEYBOARD\\V_KBD_TRAY.PNG bmp:..\\..\\CUSTOMER\\IMAGES\\PLUTO240X320\\MAINLCD\\UIELEMENT\\VIRTUALKEYBOARD\\V_KBD_TRAY.BMPA
convert.exe -channel Alpha -negate png:..\\..\\CUSTOMER\\IMAGES\\PLUTO240X320\\MAINLCD\\UIELEMENT\\VIRTUALKEYBOARD\\V_KBD_NUM.PNG bmp:..\\..\\CUSTOMER\\IMAGES\\PLUTO240X320\\MAINLCD\\UIELEMENT\\VIRTUALKEYBOARD\\V_KBD_NUM.BMPA
convert.exe -channel Alpha -negate png:..\\..\\CUSTOMER\\IMAGES\\PLUTO240X320\\MAINLCD\\UIELEMENT\\VIRTUALKEYBOARD\\V_KBD_HUNGARIAN_FARSI.PNG bmp:..\\..\\CUSTOMER\\IMAGES\\PLUTO240X320\\MAINLCD\\UIELEMENT\\VIRTUALKEYBOARD\\V_KBD_HUNGARIAN_FARSI.BMPA
convert.exe -channel Alpha -negate png:..\\..\\CUSTOMER\\IMAGES\\PLUTO240X320\\MAINLCD\\UIELEMENT\\VIRTUALKEYBOARD\\V_KBD_FARSI_SYMBOL.PNG bmp:..\\..\\CUSTOMER\\IMAGES\\PLUTO240X320\\MAINLCD\\UIELEMENT\\VIRTUALKEYBOARD\\V_KBD_FARSI_SYMBOL.BMPA
convert.exe -channel Alpha -negate png:..\\..\\CUSTOMER\\IMAGES\\PLUTO240X320\\MAINLCD\\UIELEMENT\\VIRTUALKEYBOARD\\V_KBD_ARABIC.PNG bmp:..\\..\\CUSTOMER\\IMAGES\\PLUTO240X320\\MAINLCD\\UIELEMENT\\VIRTUALKEYBOARD\\V_KBD_ARABIC.BMPA
convert.exe -channel Alpha -negate png:..\\..\\CUSTOMER\\IMAGES\\PLUTO240X320\\MAINLCD\\UIELEMENT\\VIRTUALKEYBOARD\\V_KBD_THAI.PNG bmp:..\\..\\CUSTOMER\\IMAGES\\PLUTO240X320\\MAINLCD\\UIELEMENT\\VIRTUALKEYBOARD\\V_KBD_THAI.BMPA
convert.exe -channel Alpha -negate png:..\\..\\CUSTOMER\\IMAGES\\PLUTO240X320\\MAINLCD\\UIELEMENT\\VIRTUALKEYBOARD\\THAI\\0E01.PNG bmp:..\\..\\CUSTOMER\\IMAGES\\PLUTO240X320\\MAINLCD\\UIELEMENT\\VIRTUALKEYBOARD\\THAI\\0E01.BMPA
convert.exe -channel Alpha -negate png:..\\..\\CUSTOMER\\IMAGES\\PLUTO240X320\\MAINLCD\\UIELEMENT\\VIRTUALKEYBOARD\\THAI\\0E02.PNG bmp:..\\..\\CUSTOMER\\IMAGES\\PLUTO240X320\\MAINLCD\\UIELEMENT\\VIRTUALKEYBOARD\\THAI\\0E02.BMPA
convert.exe -channel Alpha -negate png:..\\..\\CUSTOMER\\IMAGES\\PLUTO240X320\\MAINLCD\\UIELEMENT\\VIRTUALKEYBOARD\\THAI\\0E03.PNG bmp:..\\..\\CUSTOMER\\IMAGES\\PLUTO240X320\\MAINLCD\\UIELEMENT\\VIRTUALKEYBOARD\\THAI\\0E03.BMPA
convert.exe -channel Alpha -negate png:..\\..\\CUSTOMER\\IMAGES\\PLUTO240X320\\MAINLCD\\UIELEMENT\\VIRTUALKEYBOARD\\THAI\\0E04.PNG bmp:..\\..\\CUSTOMER\\IMAGES\\PLUTO240X320\\MAINLCD\\UIELEMENT\\VIRTUALKEYBOARD\\THAI\\0E04.BMPA
convert.exe -channel Alpha -negate png:..\\..\\CUSTOMER\\IMAGES\\PLUTO240X320\\MAINLCD\\UIELEMENT\\VIRTUALKEYBOARD\\THAI\\0E05.PNG bmp:..\\..\\CUSTOMER\\IMAGES\\PLUTO240X320\\MAINLCD\\UIELEMENT\\VIRTUALKEYBOARD\\THAI\\0E05.BMPA
convert.exe -channel Alpha -negate png:..\\..\\CUSTOMER\\IMAGES\\PLUTO240X320\\MAINLCD\\UIELEMENT\\VIRTUALKEYBOARD\\THAI\\0E06.PNG bmp:..\\..\\CUSTOMER\\IMAGES\\PLUTO240X320\\MAINLCD\\UIELEMENT\\VIRTUALKEYBOARD\\THAI\\0E06.BMPA
convert.exe -channel Alpha -negate png:..\\..\\CUSTOMER\\IMAGES\\PLUTO240X320\\MAINLCD\\UIELEMENT\\VIRTUALKEYBOARD\\THAI\\0E07.PNG bmp:..\\..\\CUSTOMER\\IMAGES\\PLUTO240X320\\MAINLCD\\UIELEMENT\\VIRTUALKEYBOARD\\THAI\\0E07.BMPA
convert.exe -channel Alpha -negate png:..\\..\\CUSTOMER\\IMAGES\\PLUTO240X320\\MAINLCD\\UIELEMENT\\VIRTUALKEYBOARD\\THAI\\0E08.PNG bmp:..\\..\\CUSTOMER\\IMAGES\\PLUTO240X320\\MAINLCD\\UIELEMENT\\VIRTUALKEYBOARD\\THAI\\0E08.BMPA
convert.exe -channel Alpha -negate png:..\\..\\CUSTOMER\\IMAGES\\PLUTO240X320\\MAINLCD\\UIELEMENT\\VIRTUALKEYBOARD\\THAI\\0E09.PNG bmp:..\\..\\CUSTOMER\\IMAGES\\PLUTO240X320\\MAINLCD\\UIELEMENT\\VIRTUALKEYBOARD\\THAI\\0E09.BMPA
convert.exe -channel Alpha -negate png:..\\..\\CUSTOMER\\IMAGES\\PLUTO240X320\\MAINLCD\\UIELEMENT\\VIRTUALKEYBOARD\\THAI\\0E0A.PNG bmp:..\\..\\CUSTOMER\\IMAGES\\PLUTO240X320\\MAINLCD\\UIELEMENT\\VIRTUALKEYBOARD\\THAI\\0E0A.BMPA
convert.exe -channel Alpha -negate png:..\\..\\CUSTOMER\\IMAGES\\PLUTO240X320\\MAINLCD\\UIELEMENT\\VIRTUALKEYBOARD\\THAI\\0E0B.PNG bmp:..\\..\\CUSTOMER\\IMAGES\\PLUTO240X320\\MAINLCD\\UIELEMENT\\VIRTUALKEYBOARD\\THAI\\0E0B.BMPA
convert.exe -channel Alpha -negate png:..\\..\\CUSTOMER\\IMAGES\\PLUTO240X320\\MAINLCD\\UIELEMENT\\VIRTUALKEYBOARD\\THAI\\0E0C.PNG bmp:..\\..\\CUSTOMER\\IMAGES\\PLUTO240X320\\MAINLCD\\UIELEMENT\\VIRTUALKEYBOARD\\THAI\\0E0C.BMPA
convert.exe -channel Alpha -negate png:..\\..\\CUSTOMER\\IMAGES\\PLUTO240X320\\MAINLCD\\UIELEMENT\\VIRTUALKEYBOARD\\THAI\\0E0D.PNG bmp:..\\..\\CUSTOMER\\IMAGES\\PLUTO240X320\\MAINLCD\\UIELEMENT\\VIRTUALKEYBOARD\\THAI\\0E0D.BMPA
convert.exe -channel Alpha -negate png:..\\..\\CUSTOMER\\IMAGES\\PLUTO240X320\\MAINLCD\\UIELEMENT\\VIRTUALKEYBOARD\\THAI\\0E0E.PNG bmp:..\\..\\CUSTOMER\\IMAGES\\PLUTO240X320\\MAINLCD\\UIELEMENT\\VIRTUALKEYBOARD\\THAI\\0E0E.BMPA
convert.exe -channel Alpha -negate png:..\\..\\CUSTOMER\\IMAGES\\PLUTO240X320\\MAINLCD\\UIELEMENT\\VIRTUALKEYBOARD\\THAI\\0E0F.PNG bmp:..\\..\\CUSTOMER\\IMAGES\\PLUTO240X320\\MAINLCD\\UIELEMENT\\VIRTUALKEYBOARD\\THAI\\0E0F.BMPA
convert.exe -channel Alpha -negate png:..\\..\\CUSTOMER\\IMAGES\\PLUTO240X320\\MAINLCD\\UIELEMENT\\VIRTUALKEYBOARD\\THAI\\0E10.PNG bmp:..\\..\\CUSTOMER\\IMAGES\\PLUTO240X320\\MAINLCD\\UIELEMENT\\VIRTUALKEYBOARD\\THAI\\0E10.BMPA
convert.exe -channel Alpha -negate png:..\\..\\CUSTOMER\\IMAGES\\PLUTO240X320\\MAINLCD\\UIELEMENT\\VIRTUALKEYBOARD\\THAI\\0E11.PNG bmp:..\\..\\CUSTOMER\\IMAGES\\PLUTO240X320\\MAINLCD\\UIELEMENT\\VIRTUALKEYBOARD\\THAI\\0E11.BMPA
convert.exe -channel Alpha -negate png:..\\..\\CUSTOMER\\IMAGES\\PLUTO240X320\\MAINLCD\\UIELEMENT\\VIRTUALKEYBOARD\\THAI\\0E12.PNG bmp:..\\..\\CUSTOMER\\IMAGES\\PLUTO240X320\\MAINLCD\\UIELEMENT\\VIRTUALKEYBOARD\\THAI\\0E12.BMPA
convert.exe -channel Alpha -negate png:..\\..\\CUSTOMER\\IMAGES\\PLUTO240X320\\MAINLCD\\UIELEMENT\\VIRTUALKEYBOARD\\THAI\\0E13.PNG bmp:..\\..\\CUSTOMER\\IMAGES\\PLUTO240X320\\MAINLCD\\UIELEMENT\\VIRTUALKEYBOARD\\THAI\\0E13.BMPA
convert.exe -channel Alpha -negate png:..\\..\\CUSTOMER\\IMAGES\\PLUTO240X320\\MAINLCD\\UIELEMENT\\VIRTUALKEYBOARD\\THAI\\0E14.PNG bmp:..\\..\\CUSTOMER\\IMAGES\\PLUTO240X320\\MAINLCD\\UIELEMENT\\VIRTUALKEYBOARD\\THAI\\0E14.BMPA
convert.exe -channel Alpha -negate png:..\\..\\CUSTOMER\\IMAGES\\PLUTO240X320\\MAINLCD\\UIELEMENT\\VIRTUALKEYBOARD\\THAI\\0E15.PNG bmp:..\\..\\CUSTOMER\\IMAGES\\PLUTO240X320\\MAINLCD\\UIELEMENT\\VIRTUALKEYBOARD\\THAI\\0E15.BMPA
convert.exe -channel Alpha -negate png:..\\..\\CUSTOMER\\IMAGES\\PLUTO240X320\\MAINLCD\\UIELEMENT\\VIRTUALKEYBOARD\\THAI\\0E16.PNG bmp:..\\..\\CUSTOMER\\IMAGES\\PLUTO240X320\\MAINLCD\\UIELEMENT\\VIRTUALKEYBOARD\\THAI\\0E16.BMPA
convert.exe -channel Alpha -negate png:..\\..\\CUSTOMER\\IMAGES\\PLUTO240X320\\MAINLCD\\UIELEMENT\\VIRTUALKEYBOARD\\THAI\\0E17.PNG bmp:..\\..\\CUSTOMER\\IMAGES\\PLUTO240X320\\MAINLCD\\UIELEMENT\\VIRTUALKEYBOARD\\THAI\\0E17.BMPA
convert.exe -channel Alpha -negate png:..\\..\\CUSTOMER\\IMAGES\\PLUTO240X320\\MAINLCD\\UIELEMENT\\VIRTUALKEYBOARD\\THAI\\0E18.PNG bmp:..\\..\\CUSTOMER\\IMAGES\\PLUTO240X320\\MAINLCD\\UIELEMENT\\VIRTUALKEYBOARD\\THAI\\0E18.BMPA
convert.exe -channel Alpha -negate png:..\\..\\CUSTOMER\\IMAGES\\PLUTO240X320\\MAINLCD\\UIELEMENT\\VIRTUALKEYBOARD\\THAI\\0E19.PNG bmp:..\\..\\CUSTOMER\\IMAGES\\PLUTO240X320\\MAINLCD\\UIELEMENT\\VIRTUALKEYBOARD\\THAI\\0E19.BMPA
convert.exe -channel Alpha -negate png:..\\..\\CUSTOMER\\IMAGES\\PLUTO240X320\\MAINLCD\\UIELEMENT\\VIRTUALKEYBOARD\\THAI\\0E1A.PNG bmp:..\\..\\CUSTOMER\\IMAGES\\PLUTO240X320\\MAINLCD\\UIELEMENT\\VIRTUALKEYBOARD\\THAI\\0E1A.BMPA
convert.exe -channel Alpha -negate png:..\\..\\CUSTOMER\\IMAGES\\PLUTO240X320\\MAINLCD\\UIELEMENT\\VIRTUALKEYBOARD\\THAI\\0E1B.PNG bmp:..\\..\\CUSTOMER\\IMAGES\\PLUTO240X320\\MAINLCD\\UIELEMENT\\VIRTUALKEYBOARD\\THAI\\0E1B.BMPA
convert.exe -channel Alpha -negate png:..\\..\\CUSTOMER\\IMAGES\\PLUTO240X320\\MAINLCD\\UIELEMENT\\VIRTUALKEYBOARD\\THAI\\0E1C.PNG bmp:..\\..\\CUSTOMER\\IMAGES\\PLUTO240X320\\MAINLCD\\UIELEMENT\\VIRTUALKEYBOARD\\THAI\\0E1C.BMPA
convert.exe -channel Alpha -negate png:..\\..\\CUSTOMER\\IMAGES\\PLUTO240X320\\MAINLCD\\UIELEMENT\\VIRTUALKEYBOARD\\THAI\\0E1D.PNG bmp:..\\..\\CUSTOMER\\IMAGES\\PLUTO240X320\\MAINLCD\\UIELEMENT\\VIRTUALKEYBOARD\\THAI\\0E1D.BMPA
convert.exe -channel Alpha -negate png:..\\..\\CUSTOMER\\IMAGES\\PLUTO240X320\\MAINLCD\\UIELEMENT\\VIRTUALKEYBOARD\\THAI\\0E1E.PNG bmp:..\\..\\CUSTOMER\\IMAGES\\PLUTO240X320\\MAINLCD\\UIELEMENT\\VIRTUALKEYBOARD\\THAI\\0E1E.BMPA
convert.exe -channel Alpha -negate png:..\\..\\CUSTOMER\\IMAGES\\PLUTO240X320\\MAINLCD\\UIELEMENT\\VIRTUALKEYBOARD\\THAI\\0E1F.PNG bmp:..\\..\\CUSTOMER\\IMAGES\\PLUTO240X320\\MAINLCD\\UIELEMENT\\VIRTUALKEYBOARD\\THAI\\0E1F.BMPA
convert.exe -channel Alpha -negate png:..\\..\\CUSTOMER\\IMAGES\\PLUTO240X320\\MAINLCD\\UIELEMENT\\VIRTUALKEYBOARD\\THAI\\0E20.PNG bmp:..\\..\\CUSTOMER\\IMAGES\\PLUTO240X320\\MAINLCD\\UIELEMENT\\VIRTUALKEYBOARD\\THAI\\0E20.BMPA
convert.exe -channel Alpha -negate png:..\\..\\CUSTOMER\\IMAGES\\PLUTO240X320\\MAINLCD\\UIELEMENT\\VIRTUALKEYBOARD\\THAI\\0E21.PNG bmp:..\\..\\CUSTOMER\\IMAGES\\PLUTO240X320\\MAINLCD\\UIELEMENT\\VIRTUALKEYBOARD\\THAI\\0E21.BMPA
convert.exe -channel Alpha -negate png:..\\..\\CUSTOMER\\IMAGES\\PLUTO240X320\\MAINLCD\\UIELEMENT\\VIRTUALKEYBOARD\\THAI\\0E22.PNG bmp:..\\..\\CUSTOMER\\IMAGES\\PLUTO240X320\\MAINLCD\\UIELEMENT\\VIRTUALKEYBOARD\\THAI\\0E22.BMPA
convert.exe -channel Alpha -negate png:..\\..\\CUSTOMER\\IMAGES\\PLUTO240X320\\MAINLCD\\UIELEMENT\\VIRTUALKEYBOARD\\THAI\\0E23.PNG bmp:..\\..\\CUSTOMER\\IMAGES\\PLUTO240X320\\MAINLCD\\UIELEMENT\\VIRTUALKEYBOARD\\THAI\\0E23.BMPA
convert.exe -channel Alpha -negate png:..\\..\\CUSTOMER\\IMAGES\\PLUTO240X320\\MAINLCD\\UIELEMENT\\VIRTUALKEYBOARD\\THAI\\0E24.PNG bmp:..\\..\\CUSTOMER\\IMAGES\\PLUTO240X320\\MAINLCD\\UIELEMENT\\VIRTUALKEYBOARD\\THAI\\0E24.BMPA
convert.exe -channel Alpha -negate png:..\\..\\CUSTOMER\\IMAGES\\PLUTO240X320\\MAINLCD\\UIELEMENT\\VIRTUALKEYBOARD\\THAI\\0E25.PNG bmp:..\\..\\CUSTOMER\\IMAGES\\PLUTO240X320\\MAINLCD\\UIELEMENT\\VIRTUALKEYBOARD\\THAI\\0E25.BMPA
convert.exe -channel Alpha -negate png:..\\..\\CUSTOMER\\IMAGES\\PLUTO240X320\\MAINLCD\\UIELEMENT\\VIRTUALKEYBOARD\\THAI\\0E26.PNG bmp:..\\..\\CUSTOMER\\IMAGES\\PLUTO240X320\\MAINLCD\\UIELEMENT\\VIRTUALKEYBOARD\\THAI\\0E26.BMPA
convert.exe -channel Alpha -negate png:..\\..\\CUSTOMER\\IMAGES\\PLUTO240X320\\MAINLCD\\UIELEMENT\\VIRTUALKEYBOARD\\THAI\\0E27.PNG bmp:..\\..\\CUSTOMER\\IMAGES\\PLUTO240X320\\MAINLCD\\UIELEMENT\\VIRTUALKEYBOARD\\THAI\\0E27.BMPA
convert.exe -channel Alpha -negate png:..\\..\\CUSTOMER\\IMAGES\\PLUTO240X320\\MAINLCD\\UIELEMENT\\VIRTUALKEYBOARD\\THAI\\0E28.PNG bmp:..\\..\\CUSTOMER\\IMAGES\\PLUTO240X320\\MAINLCD\\UIELEMENT\\VIRTUALKEYBOARD\\THAI\\0E28.BMPA
convert.exe -channel Alpha -negate png:..\\..\\CUSTOMER\\IMAGES\\PLUTO240X320\\MAINLCD\\UIELEMENT\\VIRTUALKEYBOARD\\THAI\\0E29.PNG bmp:..\\..\\CUSTOMER\\IMAGES\\PLUTO240X320\\MAINLCD\\UIELEMENT\\VIRTUALKEYBOARD\\THAI\\0E29.BMPA
convert.exe -channel Alpha -negate png:..\\..\\CUSTOMER\\IMAGES\\PLUTO240X320\\MAINLCD\\UIELEMENT\\VIRTUALKEYBOARD\\THAI\\0E2A.PNG bmp:..\\..\\CUSTOMER\\IMAGES\\PLUTO240X320\\MAINLCD\\UIELEMENT\\VIRTUALKEYBOARD\\THAI\\0E2A.BMPA
convert.exe -channel Alpha -negate png:..\\..\\CUSTOMER\\IMAGES\\PLUTO240X320\\MAINLCD\\UIELEMENT\\VIRTUALKEYBOARD\\THAI\\0E2B.PNG bmp:..\\..\\CUSTOMER\\IMAGES\\PLUTO240X320\\MAINLCD\\UIELEMENT\\VIRTUALKEYBOARD\\THAI\\0E2B.BMPA
convert.exe -channel Alpha -negate png:..\\..\\CUSTOMER\\IMAGES\\PLUTO240X320\\MAINLCD\\UIELEMENT\\VIRTUALKEYBOARD\\THAI\\0E2C.PNG bmp:..\\..\\CUSTOMER\\IMAGES\\PLUTO240X320\\MAINLCD\\UIELEMENT\\VIRTUALKEYBOARD\\THAI\\0E2C.BMPA
convert.exe -channel Alpha -negate png:..\\..\\CUSTOMER\\IMAGES\\PLUTO240X320\\MAINLCD\\UIELEMENT\\VIRTUALKEYBOARD\\THAI\\0E2D.PNG bmp:..\\..\\CUSTOMER\\IMAGES\\PLUTO240X320\\MAINLCD\\UIELEMENT\\VIRTUALKEYBOARD\\THAI\\0E2D.BMPA
convert.exe -channel Alpha -negate png:..\\..\\CUSTOMER\\IMAGES\\PLUTO240X320\\MAINLCD\\UIELEMENT\\VIRTUALKEYBOARD\\THAI\\0E2E.PNG bmp:..\\..\\CUSTOMER\\IMAGES\\PLUTO240X320\\MAINLCD\\UIELEMENT\\VIRTUALKEYBOARD\\THAI\\0E2E.BMPA
convert.exe -channel Alpha -negate png:..\\..\\CUSTOMER\\IMAGES\\PLUTO240X320\\MAINLCD\\UIELEMENT\\VIRTUALKEYBOARD\\THAI\\0E2F.PNG bmp:..\\..\\CUSTOMER\\IMAGES\\PLUTO240X320\\MAINLCD\\UIELEMENT\\VIRTUALKEYBOARD\\THAI\\0E2F.BMPA
convert.exe -channel Alpha -negate png:..\\..\\CUSTOMER\\IMAGES\\PLUTO240X320\\MAINLCD\\UIELEMENT\\VIRTUALKEYBOARD\\THAI\\0E30.PNG bmp:..\\..\\CUSTOMER\\IMAGES\\PLUTO240X320\\MAINLCD\\UIELEMENT\\VIRTUALKEYBOARD\\THAI\\0E30.BMPA
convert.exe -channel Alpha -negate png:..\\..\\CUSTOMER\\IMAGES\\PLUTO240X320\\MAINLCD\\UIELEMENT\\VIRTUALKEYBOARD\\THAI\\0E31.PNG bmp:..\\..\\CUSTOMER\\IMAGES\\PLUTO240X320\\MAINLCD\\UIELEMENT\\VIRTUALKEYBOARD\\THAI\\0E31.BMPA
convert.exe -channel Alpha -negate png:..\\..\\CUSTOMER\\IMAGES\\PLUTO240X320\\MAINLCD\\UIELEMENT\\VIRTUALKEYBOARD\\THAI\\0E32.PNG bmp:..\\..\\CUSTOMER\\IMAGES\\PLUTO240X320\\MAINLCD\\UIELEMENT\\VIRTUALKEYBOARD\\THAI\\0E32.BMPA
convert.exe -channel Alpha -negate png:..\\..\\CUSTOMER\\IMAGES\\PLUTO240X320\\MAINLCD\\UIELEMENT\\VIRTUALKEYBOARD\\THAI\\0E33.PNG bmp:..\\..\\CUSTOMER\\IMAGES\\PLUTO240X320\\MAINLCD\\UIELEMENT\\VIRTUALKEYBOARD\\THAI\\0E33.BMPA
convert.exe -channel Alpha -negate png:..\\..\\CUSTOMER\\IMAGES\\PLUTO240X320\\MAINLCD\\UIELEMENT\\VIRTUALKEYBOARD\\THAI\\0E34.PNG bmp:..\\..\\CUSTOMER\\IMAGES\\PLUTO240X320\\MAINLCD\\UIELEMENT\\VIRTUALKEYBOARD\\THAI\\0E34.BMPA
convert.exe -channel Alpha -negate png:..\\..\\CUSTOMER\\IMAGES\\PLUTO240X320\\MAINLCD\\UIELEMENT\\VIRTUALKEYBOARD\\THAI\\0E35.PNG bmp:..\\..\\CUSTOMER\\IMAGES\\PLUTO240X320\\MAINLCD\\UIELEMENT\\VIRTUALKEYBOARD\\THAI\\0E35.BMPA
convert.exe -channel Alpha -negate png:..\\..\\CUSTOMER\\IMAGES\\PLUTO240X320\\MAINLCD\\UIELEMENT\\VIRTUALKEYBOARD\\THAI\\0E36.PNG bmp:..\\..\\CUSTOMER\\IMAGES\\PLUTO240X320\\MAINLCD\\UIELEMENT\\VIRTUALKEYBOARD\\THAI\\0E36.BMPA
convert.exe -channel Alpha -negate png:..\\..\\CUSTOMER\\IMAGES\\PLUTO240X320\\MAINLCD\\UIELEMENT\\VIRTUALKEYBOARD\\THAI\\0E37.PNG bmp:..\\..\\CUSTOMER\\IMAGES\\PLUTO240X320\\MAINLCD\\UIELEMENT\\VIRTUALKEYBOARD\\THAI\\0E37.BMPA
convert.exe -channel Alpha -negate png:..\\..\\CUSTOMER\\IMAGES\\PLUTO240X320\\MAINLCD\\UIELEMENT\\VIRTUALKEYBOARD\\THAI\\0E38.PNG bmp:..\\..\\CUSTOMER\\IMAGES\\PLUTO240X320\\MAINLCD\\UIELEMENT\\VIRTUALKEYBOARD\\THAI\\0E38.BMPA
convert.exe -channel Alpha -negate png:..\\..\\CUSTOMER\\IMAGES\\PLUTO240X320\\MAINLCD\\UIELEMENT\\VIRTUALKEYBOARD\\THAI\\0E39.PNG bmp:..\\..\\CUSTOMER\\IMAGES\\PLUTO240X320\\MAINLCD\\UIELEMENT\\VIRTUALKEYBOARD\\THAI\\0E39.BMPA
convert.exe -channel Alpha -negate png:..\\..\\CUSTOMER\\IMAGES\\PLUTO240X320\\MAINLCD\\UIELEMENT\\VIRTUALKEYBOARD\\THAI\\0E3A.PNG bmp:..\\..\\CUSTOMER\\IMAGES\\PLUTO240X320\\MAINLCD\\UIELEMENT\\VIRTUALKEYBOARD\\THAI\\0E3A.BMPA
convert.exe -channel Alpha -negate png:..\\..\\CUSTOMER\\IMAGES\\PLUTO240X320\\MAINLCD\\UIELEMENT\\VIRTUALKEYBOARD\\THAI\\0E3F.PNG bmp:..\\..\\CUSTOMER\\IMAGES\\PLUTO240X320\\MAINLCD\\UIELEMENT\\VIRTUALKEYBOARD\\THAI\\0E3F.BMPA
convert.exe -channel Alpha -negate png:..\\..\\CUSTOMER\\IMAGES\\PLUTO240X320\\MAINLCD\\UIELEMENT\\VIRTUALKEYBOARD\\THAI\\0E40.PNG bmp:..\\..\\CUSTOMER\\IMAGES\\PLUTO240X320\\MAINLCD\\UIELEMENT\\VIRTUALKEYBOARD\\THAI\\0E40.BMPA
convert.exe -channel Alpha -negate png:..\\..\\CUSTOMER\\IMAGES\\PLUTO240X320\\MAINLCD\\UIELEMENT\\VIRTUALKEYBOARD\\THAI\\0E41.PNG bmp:..\\..\\CUSTOMER\\IMAGES\\PLUTO240X320\\MAINLCD\\UIELEMENT\\VIRTUALKEYBOARD\\THAI\\0E41.BMPA
convert.exe -channel Alpha -negate png:..\\..\\CUSTOMER\\IMAGES\\PLUTO240X320\\MAINLCD\\UIELEMENT\\VIRTUALKEYBOARD\\THAI\\0E42.PNG bmp:..\\..\\CUSTOMER\\IMAGES\\PLUTO240X320\\MAINLCD\\UIELEMENT\\VIRTUALKEYBOARD\\THAI\\0E42.BMPA
convert.exe -channel Alpha -negate png:..\\..\\CUSTOMER\\IMAGES\\PLUTO240X320\\MAINLCD\\UIELEMENT\\VIRTUALKEYBOARD\\THAI\\0E43.PNG bmp:..\\..\\CUSTOMER\\IMAGES\\PLUTO240X320\\MAINLCD\\UIELEMENT\\VIRTUALKEYBOARD\\THAI\\0E43.BMPA
convert.exe -channel Alpha -negate png:..\\..\\CUSTOMER\\IMAGES\\PLUTO240X320\\MAINLCD\\UIELEMENT\\VIRTUALKEYBOARD\\THAI\\0E44.PNG bmp:..\\..\\CUSTOMER\\IMAGES\\PLUTO240X320\\MAINLCD\\UIELEMENT\\VIRTUALKEYBOARD\\THAI\\0E44.BMPA
convert.exe -channel Alpha -negate png:..\\..\\CUSTOMER\\IMAGES\\PLUTO240X320\\MAINLCD\\UIELEMENT\\VIRTUALKEYBOARD\\THAI\\0E45.PNG bmp:..\\..\\CUSTOMER\\IMAGES\\PLUTO240X320\\MAINLCD\\UIELEMENT\\VIRTUALKEYBOARD\\THAI\\0E45.BMPA
convert.exe -channel Alpha -negate png:..\\..\\CUSTOMER\\IMAGES\\PLUTO240X320\\MAINLCD\\UIELEMENT\\VIRTUALKEYBOARD\\THAI\\0E46.PNG bmp:..\\..\\CUSTOMER\\IMAGES\\PLUTO240X320\\MAINLCD\\UIELEMENT\\VIRTUALKEYBOARD\\THAI\\0E46.BMPA
convert.exe -channel Alpha -negate png:..\\..\\CUSTOMER\\IMAGES\\PLUTO240X320\\MAINLCD\\UIELEMENT\\VIRTUALKEYBOARD\\THAI\\0E47.PNG bmp:..\\..\\CUSTOMER\\IMAGES\\PLUTO240X320\\MAINLCD\\UIELEMENT\\VIRTUALKEYBOARD\\THAI\\0E47.BMPA
convert.exe -channel Alpha -negate png:..\\..\\CUSTOMER\\IMAGES\\PLUTO240X320\\MAINLCD\\UIELEMENT\\VIRTUALKEYBOARD\\THAI\\0E48.PNG bmp:..\\..\\CUSTOMER\\IMAGES\\PLUTO240X320\\MAINLCD\\UIELEMENT\\VIRTUALKEYBOARD\\THAI\\0E48.BMPA
convert.exe -channel Alpha -negate png:..\\..\\CUSTOMER\\IMAGES\\PLUTO240X320\\MAINLCD\\UIELEMENT\\VIRTUALKEYBOARD\\THAI\\0E49.PNG bmp:..\\..\\CUSTOMER\\IMAGES\\PLUTO240X320\\MAINLCD\\UIELEMENT\\VIRTUALKEYBOARD\\THAI\\0E49.BMPA
convert.exe -channel Alpha -negate png:..\\..\\CUSTOMER\\IMAGES\\PLUTO240X320\\MAINLCD\\UIELEMENT\\VIRTUALKEYBOARD\\THAI\\0E4A.PNG bmp:..\\..\\CUSTOMER\\IMAGES\\PLUTO240X320\\MAINLCD\\UIELEMENT\\VIRTUALKEYBOARD\\THAI\\0E4A.BMPA
convert.exe -channel Alpha -negate png:..\\..\\CUSTOMER\\IMAGES\\PLUTO240X320\\MAINLCD\\UIELEMENT\\VIRTUALKEYBOARD\\THAI\\0E4B.PNG bmp:..\\..\\CUSTOMER\\IMAGES\\PLUTO240X320\\MAINLCD\\UIELEMENT\\VIRTUALKEYBOARD\\THAI\\0E4B.BMPA
convert.exe -channel Alpha -negate png:..\\..\\CUSTOMER\\IMAGES\\PLUTO240X320\\MAINLCD\\UIELEMENT\\VIRTUALKEYBOARD\\THAI\\0E4C.PNG bmp:..\\..\\CUSTOMER\\IMAGES\\PLUTO240X320\\MAINLCD\\UIELEMENT\\VIRTUALKEYBOARD\\THAI\\0E4C.BMPA
convert.exe -channel Alpha -negate png:..\\..\\CUSTOMER\\IMAGES\\PLUTO240X320\\MAINLCD\\UIELEMENT\\VIRTUALKEYBOARD\\THAI\\0E4D.PNG bmp:..\\..\\CUSTOMER\\IMAGES\\PLUTO240X320\\MAINLCD\\UIELEMENT\\VIRTUALKEYBOARD\\THAI\\0E4D.BMPA
convert.exe -channel Alpha -negate png:..\\..\\CUSTOMER\\IMAGES\\PLUTO240X320\\MAINLCD\\UIELEMENT\\VIRTUALKEYBOARD\\THAI\\0E4E.PNG bmp:..\\..\\CUSTOMER\\IMAGES\\PLUTO240X320\\MAINLCD\\UIELEMENT\\VIRTUALKEYBOARD\\THAI\\0E4E.BMPA
convert.exe -channel Alpha -negate png:..\\..\\CUSTOMER\\IMAGES\\PLUTO240X320\\MAINLCD\\UIELEMENT\\VIRTUALKEYBOARD\\THAI\\0E4F.PNG bmp:..\\..\\CUSTOMER\\IMAGES\\PLUTO240X320\\MAINLCD\\UIELEMENT\\VIRTUALKEYBOARD\\THAI\\0E4F.BMPA
convert.exe -channel Alpha -negate png:..\\..\\CUSTOMER\\IMAGES\\PLUTO240X320\\MAINLCD\\UIELEMENT\\VIRTUALKEYBOARD\\THAI\\0E50.PNG bmp:..\\..\\CUSTOMER\\IMAGES\\PLUTO240X320\\MAINLCD\\UIELEMENT\\VIRTUALKEYBOARD\\THAI\\0E50.BMPA
convert.exe -channel Alpha -negate png:..\\..\\CUSTOMER\\IMAGES\\PLUTO240X320\\MAINLCD\\UIELEMENT\\VIRTUALKEYBOARD\\THAI\\0E51.PNG bmp:..\\..\\CUSTOMER\\IMAGES\\PLUTO240X320\\MAINLCD\\UIELEMENT\\VIRTUALKEYBOARD\\THAI\\0E51.BMPA
convert.exe -channel Alpha -negate png:..\\..\\CUSTOMER\\IMAGES\\PLUTO240X320\\MAINLCD\\UIELEMENT\\VIRTUALKEYBOARD\\THAI\\0E52.PNG bmp:..\\..\\CUSTOMER\\IMAGES\\PLUTO240X320\\MAINLCD\\UIELEMENT\\VIRTUALKEYBOARD\\THAI\\0E52.BMPA
convert.exe -channel Alpha -negate png:..\\..\\CUSTOMER\\IMAGES\\PLUTO240X320\\MAINLCD\\UIELEMENT\\VIRTUALKEYBOARD\\THAI\\0E53.PNG bmp:..\\..\\CUSTOMER\\IMAGES\\PLUTO240X320\\MAINLCD\\UIELEMENT\\VIRTUALKEYBOARD\\THAI\\0E53.BMPA
convert.exe -channel Alpha -negate png:..\\..\\CUSTOMER\\IMAGES\\PLUTO240X320\\MAINLCD\\UIELEMENT\\VIRTUALKEYBOARD\\THAI\\0E54.PNG bmp:..\\..\\CUSTOMER\\IMAGES\\PLUTO240X320\\MAINLCD\\UIELEMENT\\VIRTUALKEYBOARD\\THAI\\0E54.BMPA
convert.exe -channel Alpha -negate png:..\\..\\CUSTOMER\\IMAGES\\PLUTO240X320\\MAINLCD\\UIELEMENT\\VIRTUALKEYBOARD\\THAI\\0E55.PNG bmp:..\\..\\CUSTOMER\\IMAGES\\PLUTO240X320\\MAINLCD\\UIELEMENT\\VIRTUALKEYBOARD\\THAI\\0E55.BMPA
convert.exe -channel Alpha -negate png:..\\..\\CUSTOMER\\IMAGES\\PLUTO240X320\\MAINLCD\\UIELEMENT\\VIRTUALKEYBOARD\\THAI\\0E56.PNG bmp:..\\..\\CUSTOMER\\IMAGES\\PLUTO240X320\\MAINLCD\\UIELEMENT\\VIRTUALKEYBOARD\\THAI\\0E56.BMPA
convert.exe -channel Alpha -negate png:..\\..\\CUSTOMER\\IMAGES\\PLUTO240X320\\MAINLCD\\UIELEMENT\\VIRTUALKEYBOARD\\THAI\\0E57.PNG bmp:..\\..\\CUSTOMER\\IMAGES\\PLUTO240X320\\MAINLCD\\UIELEMENT\\VIRTUALKEYBOARD\\THAI\\0E57.BMPA
convert.exe -channel Alpha -negate png:..\\..\\CUSTOMER\\IMAGES\\PLUTO240X320\\MAINLCD\\UIELEMENT\\VIRTUALKEYBOARD\\THAI\\0E58.PNG bmp:..\\..\\CUSTOMER\\IMAGES\\PLUTO240X320\\MAINLCD\\UIELEMENT\\VIRTUALKEYBOARD\\THAI\\0E58.BMPA
convert.exe -channel Alpha -negate png:..\\..\\CUSTOMER\\IMAGES\\PLUTO240X320\\MAINLCD\\UIELEMENT\\VIRTUALKEYBOARD\\THAI\\0E59.PNG bmp:..\\..\\CUSTOMER\\IMAGES\\PLUTO240X320\\MAINLCD\\UIELEMENT\\VIRTUALKEYBOARD\\THAI\\0E59.BMPA
convert.exe -channel Alpha -negate png:..\\..\\CUSTOMER\\IMAGES\\PLUTO240X320\\MAINLCD\\UIELEMENT\\VIRTUALKEYBOARD\\THAI\\0E5A.PNG bmp:..\\..\\CUSTOMER\\IMAGES\\PLUTO240X320\\MAINLCD\\UIELEMENT\\VIRTUALKEYBOARD\\THAI\\0E5A.BMPA
convert.exe -channel Alpha -negate png:..\\..\\CUSTOMER\\IMAGES\\PLUTO240X320\\MAINLCD\\UIELEMENT\\VIRTUALKEYBOARD\\THAI\\0E5B.PNG bmp:..\\..\\CUSTOMER\\IMAGES\\PLUTO240X320\\MAINLCD\\UIELEMENT\\VIRTUALKEYBOARD\\THAI\\0E5B.BMPA
[ABM enc] parse BMP error, ..\\..\\CUSTOMER\\IMAGES\\PLUTO240X320\\MAINLCD\\CHAT\\CT_IN.PBM
[ABM enc] parse BMP error, ..\\..\\CUSTOMER\\IMAGES\\PLUTO240X320\\MAINLCD\\CHAT\\CT_OUT.PBM
[ABM enc] parse BMP error, ..\\..\\CUSTOMER\\IMAGES\\PLUTO240X320\\MAINLCD\\UIELEMENT\\ARROW\\LEFT_ARROW_DOWN.PBM
[ABM enc] parse BMP error, ..\\..\\CUSTOMER\\IMAGES\\PLUTO240X320\\MAINLCD\\UIELEMENT\\ARROW\\LEFT_ARROW_UP.PBM
[ABM enc] parse BMP error, ..\\..\\CUSTOMER\\IMAGES\\PLUTO240X320\\MAINLCD\\UIELEMENT\\ARROW\\RIGHT_ARROW_DOWN.PBM
[ABM enc] parse BMP error, ..\\..\\CUSTOMER\\IMAGES\\PLUTO240X320\\MAINLCD\\UIELEMENT\\ARROW\\RIGHT_ARROW_UP.PBM
[ABM enc] parse BMP error, ..\\..\\CUSTOMER\\IMAGES\\PLUTO240X320\\MAINLCD\\UIELEMENT\\SOFTKEY\\SOFTKEY.BMP
convert.exe -channel Alpha -negate png:..\\..\\CUSTOMER\\IMAGES\\PLUTO240X320\\MAINLCD\\UIELEMENT\\TABBAR\\TAB_BAR.PNG bmp:..\\..\\CUSTOMER\\IMAGES\\PLUTO240X320\\MAINLCD\\UIELEMENT\\TABBAR\\TAB_BAR.BMPA
convert.exe -channel Alpha -negate png:..\\..\\CUSTOMER\\IMAGES\\PLUTO240X320\\MAINLCD\\UIELEMENT\\TABBAR\\FOCUSED_TAB_BAR.PNG bmp:..\\..\\CUSTOMER\\IMAGES\\PLUTO240X320\\MAINLCD\\UIELEMENT\\TABBAR\\FOCUSED_TAB_BAR.BMPA
convert.exe -channel Alpha -negate png:..\\..\\CUSTOMER\\IMAGES\\PLUTO240X320\\MAINLCD\\UIELEMENT\\TABBAR\\TAB_BAR_BLINK.PNG bmp:..\\..\\CUSTOMER\\IMAGES\\PLUTO240X320\\MAINLCD\\UIELEMENT\\TABBAR\\TAB_BAR_BLINK.BMPA
[ABM enc] parse BMP error, ..\\..\\CUSTOMER\\IMAGES\\PLUTO240X320\\MAINLCD\\UIELEMENT\\PROGRESSBAR\\LOAD_LEFT.PBM
[ABM enc] parse BMP error, ..\\..\\CUSTOMER\\IMAGES\\PLUTO240X320\\MAINLCD\\UIELEMENT\\PROGRESSBAR\\LOAD_RIGHT.PBM
convert.exe -channel Alpha -negate png:..\\..\\CUSTOMER\\IMAGES\\PLUTO240X320\\MAINLCD\\UIELEMENT\\TEXTBG\\TBG_TOP.PNG bmp:..\\..\\CUSTOMER\\IMAGES\\PLUTO240X320\\MAINLCD\\UIELEMENT\\TEXTBG\\TBG_TOP.BMPA
convert.exe -channel Alpha -negate png:..\\..\\CUSTOMER\\IMAGES\\PLUTO240X320\\MAINLCD\\UIELEMENT\\TEXTBG\\TBG_MID.PNG bmp:..\\..\\CUSTOMER\\IMAGES\\PLUTO240X320\\MAINLCD\\UIELEMENT\\TEXTBG\\TBG_MID.BMPA
convert.exe -channel Alpha -negate png:..\\..\\CUSTOMER\\IMAGES\\PLUTO240X320\\MAINLCD\\UIELEMENT\\TEXTBG\\TBG_BOTTOM.PNG bmp:..\\..\\CUSTOMER\\IMAGES\\PLUTO240X320\\MAINLCD\\UIELEMENT\\TEXTBG\\TBG_BOTTOM.BMPA
Populating Phone Book Resources
[ABM enc] parse BMP error, ..\\..\\CUSTOMER\\IMAGES\\PLUTO240X320\\MAINLCD\\PHONEBOOK\\SB_ENTRY.PBM
[ABM enc] parse BMP error, ..\\..\\CUSTOMER\\IMAGES\\PLUTO240X320\\MAINLCD\\PHONEBOOK\\SB_ADD.PBM
[ABM enc] parse BMP error, ..\\..\\CUSTOMER\\IMAGES\\PLUTO240X320\\MAINLCD\\PHONEBOOK\\SB_DELE.PBM
[ABM enc] parse BMP error, ..\\..\\CUSTOMER\\IMAGES\\PLUTO240X320\\MAINLCD\\PHONEBOOK\\SB_DELEO.PBM
[ABM enc] parse BMP error, ..\\..\\CUSTOMER\\IMAGES\\PLUTO240X320\\MAINLCD\\PHONEBOOK\\SB_COPY.PBM
[ABM enc] parse BMP error, ..\\..\\CUSTOMER\\IMAGES\\PLUTO240X320\\MAINLCD\\PHONEBOOK\\SB_OWNER.PBM
[ABM enc] parse BMP error, ..\\..\\CUSTOMER\\IMAGES\\PLUTO240X320\\MAINLCD\\PHONEBOOK\\SB_SPEED.PBM
[ABM enc] parse BMP error, ..\\..\\CUSTOMER\\IMAGES\\PLUTO240X320\\MAINLCD\\PHONEBOOK\\SB_GROUP.PBM
[ABM enc] parse BMP error, ..\\..\\CUSTOMER\\IMAGES\\PLUTO240X320\\MAINLCD\\PHONEBOOK\\SB_SET.PBM
[ABM enc] parse BMP error, ..\\..\\CUSTOMER\\IMAGES\\PLUTO240X320\\MAINLCD\\PHONEBOOK\\CALLERGROUP\\CG_GROUP.PBM
[ABM enc] parse BMP error, ..\\..\\CUSTOMER\\IMAGES\\PLUTO240X320\\MAINLCD\\PHONEBOOK\\CALLERGROUP\\CG_MEMBER.PBM
[ABM enc] parse BMP error, ..\\..\\CUSTOMER\\IMAGES\\PLUTO240X320\\MAINLCD\\PHONEBOOK\\SB_QSERH.PBM
[ABM enc] parse BMP error, ..\\..\\CUSTOMER\\IMAGES\\PLUTO240X320\\MAINLCD\\PHONEBOOK\\SB_SEARCH.PBM
[ABM enc] parse BMP error, ..\\..\\CUSTOMER\\IMAGES\\PLUTO240X320\\MAINLCD\\PHONEBOOK\\CALLERGROUP\\CG_ALERT.PBM
[ABM enc] parse BMP error, ..\\..\\CUSTOMER\\IMAGES\\PLUTO240X320\\MAINLCD\\PHONEBOOK\\CALLERGROUP\\CG_RING.PBM
[ABM enc] parse BMP error, ..\\..\\CUSTOMER\\IMAGES\\PLUTO240X320\\MAINLCD\\PHONEBOOK\\CALLERGROUP\\CG_PIC.PBM
[ABM enc] parse BMP error, ..\\..\\CUSTOMER\\IMAGES\\PLUTO240X320\\MAINLCD\\PHONEBOOK\\CALLERGROUP\\CG_PATT.PBM
[ABM enc] parse BMP error, ..\\..\\CUSTOMER\\IMAGES\\PLUTO240X320\\MAINLCD\\PHONEBOOK\\SB_MTPIC.PBM
[ABM enc] parse BMP error, ..\\..\\CUSTOMER\\IMAGES\\PLUTO240X320\\MAINLCD\\PHONEBOOK\\SB_MTRING.PBM
Populating Main Demo Resources
Populating Setting Resources
[ABM enc] parse BMP error, ..\\..\\CUSTOMER\\IMAGES\\PLUTO240X320\\MAINLCD\\SUBMENU\\SETTINGS\\ST_HOME.PBM
[ABM enc] parse BMP error, ..\\..\\CUSTOMER\\IMAGES\\PLUTO240X320\\MAINLCD\\SUBMENU\\SETTINGS\\SB_OFF.PBM
[ABM enc] parse BMP error, ..\\..\\CUSTOMER\\IMAGES\\PLUTO240X320\\MAINLCD\\SUBMENU\\SETTINGS\\SB_UNKNOW.PBM
[ABM enc] parse BMP error, ..\\..\\CUSTOMER\\IMAGES\\PLUTO240X320\\MAINLCD\\SUBMENU\\SETTINGS\\COMMON\\ST_STATU.PBM
[ABM enc] parse BMP error, ..\\..\\CUSTOMER\\IMAGES\\PLUTO240X320\\MAINLCD\\SUBMENU\\SETTINGS\\GREETING\\ST_NOTE.PBM
[ABM enc] parse BMP error, ..\\..\\CUSTOMER\\IMAGES\\PLUTO240X320\\MAINLCD\\SUBMENU\\SETTINGS\\COMMON\\ST_TIME.PBM
Populating Fun & Games Resources
[ABM enc] parse BMP error, ..\\..\\CUSTOMER\\IMAGES\\PLUTO240X320\\MAINLCD\\SUBMENU\\FUNANDGAME\\GAMESETTING\\SB_GAMEBACKAUD.PBM
[ABM enc] parse BMP error, ..\\..\\CUSTOMER\\IMAGES\\PLUTO240X320\\MAINLCD\\SUBMENU\\FUNANDGAME\\GAMESETTING\\SB_GAMEVIB.PBM
[ABM enc] parse BMP error, ..\\..\\CUSTOMER\\IMAGES\\PLUTO240X320\\MAINLCD\\SUBMENU\\FUNANDGAME\\SB_FGGAME.PBM
Populating SIM Detect Resources
[ABM enc] parse BMP error, ..\\..\\CUSTOMER\\IMAGES\\PLUTO240X320\\MAINLCD\\SUBMENU\\NOSIM\\NS_MG.PBM
[ABM enc] parse BMP error, ..\\..\\CUSTOMER\\IMAGES\\PLUTO240X320\\MAINLCD\\SUBMENU\\NOSIM\\NS_SC.PBM
Populating Charger Power On Resources
[ABM enc] parse BMP error, ..\\..\\CUSTOMER\\IMAGES\\PLUTO240X320\\MAINLCD\\UIELEMENT\\CHARGER\\CHARGF.BMP
Populating Common Screen Resources
Populating EMS object Resources
[ABM enc] parse BMP error, ..\\..\\CUSTOMER\\IMAGES\\PLUTO240X320\\MAINLCD\\SMS\\EMS\\CAN.BMP
[ABM enc] parse BMP error, ..\\..\\CUSTOMER\\IMAGES\\PLUTO240X320\\MAINLCD\\SMS\\EMS\\CANNT.BMP
Populating CM Resources

Get dimensions failed:	..\\..\\CUSTOMER\\IMAGES\\PLUTO240X320\\MAINLCD\\CALL\\OUTGOING\\CL_MOD.BMPPopulating Quick Access Resources
convert.exe -channel Alpha -negate png:..\\..\\CUSTOMER\\IMAGES\\PLUTO240X320\\MAINLCD\\WARNINGPAGE\\NOTIFICATION\\N_KEY.PNG bmp:..\\..\\CUSTOMER\\IMAGES\\PLUTO240X320\\MAINLCD\\WARNINGPAGE\\NOTIFICATION\\N_KEY.BMPA
Populating Profiles Resources
[ABM enc] parse BMP error, ..\\..\\CUSTOMER\\IMAGES\\PLUTO240X320\\MAINLCD\\SUBMENU\\PROFILE\\SB_POG.PBM
[ABM enc] parse BMP error, ..\\..\\CUSTOMER\\IMAGES\\PLUTO240X320\\MAINLCD\\SUBMENU\\PROFILE\\SB_PMEET.PBM
[ABM enc] parse BMP error, ..\\..\\CUSTOMER\\IMAGES\\PLUTO240X320\\MAINLCD\\SUBMENU\\PROFILE\\SB_POUT.PBM
[ABM enc] parse BMP error, ..\\..\\CUSTOMER\\IMAGES\\PLUTO240X320\\MAINLCD\\SUBMENU\\PROFILE\\SB_PIN.PBM
[ABM enc] parse BMP error, ..\\..\\CUSTOMER\\IMAGES\\PLUTO240X320\\MAINLCD\\SUBMENU\\PROFILE\\SB_HDSET.PBM
[ABM enc] parse BMP error, ..\\..\\CUSTOMER\\IMAGES\\PLUTO240X320\\MAINLCD\\SUBMENU\\PROFILE\\SB_BT.PBM
Populating SSC Resources
Populating Call History Resources
[ABM enc] parse BMP error, ..\\..\\CUSTOMER\\IMAGES\\PLUTO240X320\\MAINLCD\\CALL\\SUBMENU\\SB_CREC.PBM
[ABM enc] parse BMP error, ..\\..\\CUSTOMER\\IMAGES\\PLUTO240X320\\MAINLCD\\CALL\\SUBMENU\\SB_CDIA.PBM
[ABM enc] parse BMP error, ..\\..\\CUSTOMER\\IMAGES\\PLUTO240X320\\MAINLCD\\CALL\\SUBMENU\\SB_CMIS.PBM
[ABM enc] parse BMP error, ..\\..\\CUSTOMER\\IMAGES\\PLUTO240X320\\MAINLCD\\CALL\\SUBMENU\\CALLINFO\\CI_NAME.PBM
[ABM enc] parse BMP error, ..\\..\\CUSTOMER\\IMAGES\\PLUTO240X320\\MAINLCD\\CALL\\SUBMENU\\CALLINFO\\CI_PHONE.PBM
[ABM enc] parse BMP error, ..\\..\\CUSTOMER\\IMAGES\\PLUTO240X320\\MAINLCD\\CALL\\SUBMENU\\CALLINFO\\CI_TIME.PBM
[ABM enc] parse BMP error, ..\\..\\CUSTOMER\\IMAGES\\PLUTO240X320\\MAINLCD\\CALL\\SUBMENU\\CALLINFO\\CI_DATE.PBM
[ABM enc] parse BMP error, ..\\..\\CUSTOMER\\IMAGES\\PLUTO240X320\\MAINLCD\\CALL\\SUBMENU\\CALLINFO\\CI_IRP.PBM
[ABM enc] parse BMP error, ..\\..\\CUSTOMER\\IMAGES\\PLUTO240X320\\MAINLCD\\CALL\\SUBMENU\\CALLINFO\\CI_DURATION.PBM
[ABM enc] parse BMP error, ..\\..\\CUSTOMER\\IMAGES\\PLUTO240X320\\MAINLCD\\CALL\\SUBMENU\\SB_CRSET.PBM
[ABM enc] parse BMP error, ..\\..\\CUSTOMER\\IMAGES\\PLUTO240X320\\MAINLCD\\CALL\\SUBMENU\\SB_CSMS.PBM
[ABM enc] parse BMP error, ..\\..\\CUSTOMER\\IMAGES\\PLUTO240X320\\MAINLCD\\CALL\\SUBMENU\\SB_CTIME.PBM
[ABM enc] parse BMP error, ..\\..\\CUSTOMER\\IMAGES\\PLUTO240X320\\MAINLCD\\CALL\\SUBMENU\\SB_CEND.PBM
[ABM enc] parse BMP error, ..\\..\\CUSTOMER\\IMAGES\\PLUTO240X320\\MAINLCD\\CALL\\SUBMENU\\SB_COAST.PBM
[ABM enc] parse BMP error, ..\\..\\CUSTOMER\\IMAGES\\PLUTO240X320\\MAINLCD\\CALL\\SUBMENU\\SB_CGPRS.PBM
Populating Call History Resources
[ABM enc] parse BMP error, ..\\..\\CUSTOMER\\IMAGES\\PLUTO240X320\\MAINLCD\\SUBMENU\\SERVICES\\DATAACCOUNT\\SV_ACCN.PBM
[ABM enc] parse BMP error, ..\\..\\CUSTOMER\\IMAGES\\PLUTO240X320\\MAINLCD\\SUBMENU\\SERVICES\\DATAACCOUNT\\SV_PHONE.PBM
[ABM enc] parse BMP error, ..\\..\\CUSTOMER\\IMAGES\\PLUTO240X320\\MAINLCD\\SUBMENU\\SERVICES\\DATAACCOUNT\\SV_NAME.PBM
[ABM enc] parse BMP error, ..\\..\\CUSTOMER\\IMAGES\\PLUTO240X320\\MAINLCD\\SUBMENU\\SERVICES\\DATAACCOUNT\\SV_PASS.PBM
[ABM enc] parse BMP error, ..\\..\\CUSTOMER\\IMAGES\\PLUTO240X320\\MAINLCD\\SUBMENU\\SERVICES\\DATAACCOUNT\\SV_TYPE.PBM
[ABM enc] parse BMP error, ..\\..\\CUSTOMER\\IMAGES\\PLUTO240X320\\MAINLCD\\SUBMENU\\SERVICES\\DATAACCOUNT\\SV_SPEED.PBM
[ABM enc] parse BMP error, ..\\..\\CUSTOMER\\IMAGES\\PLUTO240X320\\MAINLCD\\SUBMENU\\SERVICES\\DATAACCOUNT\\SV_DNS.PBM
Populating Organizer Resources
[ABM enc] parse BMP error, ..\\..\\CUSTOMER\\IMAGES\\PLUTO240X320\\MAINLCD\\CALENDAR\\SB_OCDAR.PBM
[ABM enc] parse BMP error, ..\\..\\CUSTOMER\\IMAGES\\PLUTO240X320\\MAINLCD\\ALARM\\SB_OAM.PBM
Populating Extra Resources
[ABM enc] parse BMP error, ..\\..\\CUSTOMER\\IMAGES\\PLUTO240X320\\MAINLCD\\CURRENCY\\SB_OCUR.PBM
[ABM enc] parse BMP error, ..\\..\\CUSTOMER\\IMAGES\\PLUTO240X320\\MAINLCD\\TITLEBAR\\TB_SC.PBM
Populating Alarm Resources
[ABM enc] parse BMP error, ..\\..\\CUSTOMER\\IMAGES\\PLUTO240X320\\MAINLCD\\ALARM\\OA_AUDIO.PBM
[ABM enc] parse BMP error, ..\\..\\CUSTOMER\\IMAGES\\PLUTO240X320\\MAINLCD\\ALARM\\SB_SNOOZ.PBM
[ABM enc] parse BMP error, ..\\..\\CUSTOMER\\IMAGES\\PLUTO240X320\\MAINLCD\\ALARM\\SB_ALERT.PBM
Populating SPOF Resources
[ABM enc] parse BMP error, ..\\..\\CUSTOMER\\IMAGES\\PLUTO240X320\\MAINLCD\\SUBMENU\\SETTINGS\\POWERONOFF\\ST_PON.PBM
[ABM enc] parse BMP error, ..\\..\\CUSTOMER\\IMAGES\\PLUTO240X320\\MAINLCD\\SUBMENU\\SETTINGS\\POWERONOFF\\ST_POFF.PBM
Populating Calendar Resources
[ABM enc] parse BMP error, ..\\..\\CUSTOMER\\IMAGES\\PLUTO240X320\\MAINLCD\\CALENDAR\\ICON\\TIME.PBM
[ABM enc] parse BMP error, ..\\..\\CUSTOMER\\IMAGES\\PLUTO240X320\\MAINLCD\\CALENDAR\\ICON\\CALL.PBM
[ABM enc] parse BMP error, ..\\..\\CUSTOMER\\IMAGES\\PLUTO240X320\\MAINLCD\\CALENDAR\\ICON\\CELEBRATE.PBM
[ABM enc] parse BMP error, ..\\..\\CUSTOMER\\IMAGES\\PLUTO240X320\\MAINLCD\\CALENDAR\\ICON\\COURSE.PBM
[ABM enc] parse BMP error, ..\\..\\CUSTOMER\\IMAGES\\PLUTO240X320\\MAINLCD\\CALENDAR\\ICON\\DATE.PBM
[ABM enc] parse BMP error, ..\\..\\CUSTOMER\\IMAGES\\PLUTO240X320\\MAINLCD\\CALENDAR\\ICON\\MEETING.PBM
[ABM enc] parse BMP error, ..\\..\\CUSTOMER\\IMAGES\\PLUTO240X320\\MAINLCD\\CALENDAR\\ICON\\REMINDER.PBM
[ABM enc] parse BMP error, ..\\..\\CUSTOMER\\IMAGES\\PLUTO240X320\\MAINLCD\\CALENDAR\\ICON\\BIRTHDAY.PBM
Populating ToDo Resources
[ABM enc] parse BMP error, ..\\..\\CUSTOMER\\IMAGES\\PLUTO240X320\\MAINLCD\\TODOLIST\\OT_TIME.PBM
[ABM enc] parse BMP error, ..\\..\\CUSTOMER\\IMAGES\\PLUTO240X320\\MAINLCD\\TODOLIST\\OT_ALARM.PBM
[ABM enc] parse BMP error, ..\\..\\CUSTOMER\\IMAGES\\PLUTO240X320\\MAINLCD\\TODOLIST\OT_LOCATION.PBM
Populating vObjects Resource
Populating Help Resources
Populating MMIAPI Resource
Populating Messages Resources
[ABM enc] parse BMP error, ..\\..\\CUSTOMER\\IMAGES\\PLUTO240X320\\MAINLCD\\TITLEBAR\\TB_MG.PBM
[ABM enc] parse BMP error, ..\\..\\CUSTOMER\\IMAGES\\PLUTO240X320\\MAINLCD\\SMS\\SUBMENU\\SB_WRITE.PBM
[ABM enc] parse BMP error, ..\\..\\CUSTOMER\\IMAGES\\PLUTO240X320\\MAINLCD\\SMS\\SUBMENU\\CHANNEL\\CH_TITLE.PBM
[ABM enc] parse BMP error, ..\\..\\CUSTOMER\\IMAGES\\PLUTO240X320\\MAINLCD\\SMS\\SUBMENU\\CHANNEL\\CH_NB.PBM
[ABM enc] parse BMP error, ..\\..\\CUSTOMER\\IMAGES\\PLUTO240X320\\MAINLCD\\SMS\\SUBMENU\\SB_INBOX.PBM
[ABM enc] parse BMP error, ..\\..\\CUSTOMER\\IMAGES\\PLUTO240X320\\MAINLCD\\SMS\\SUBMENU\\SB_UTBOX.PBM
[ABM enc] parse BMP error, ..\\..\\CUSTOMER\\IMAGES\\PLUTO240X320\\MAINLCD\\SMS\\SUBMENU\\SB_TEMP.PBM
[ABM enc] parse BMP error, ..\\..\\CUSTOMER\\IMAGES\\PLUTO240X320\\MAINLCD\\SMS\\SUBMENU\\SB_MMORY.PBM
[ABM enc] parse BMP error, ..\\..\\CUSTOMER\\IMAGES\\PLUTO240X320\\MAINLCD\\SMS\\SUBMENU\\SB_SET.PBM
[ABM enc] parse BMP error, ..\\..\\CUSTOMER\\IMAGES\\PLUTO240X320\\MAINLCD\\SMS\\SUBMENU\\SB_BROAD.PBM
[ABM enc] parse BMP error, ..\\..\\CUSTOMER\\IMAGES\\PLUTO240X320\\MAINLCD\\SMS\\SUBMENU\\SB_SMS.PBM
[ABM enc] parse BMP error, ..\\..\\CUSTOMER\\IMAGES\\PLUTO240X320\\MAINLCD\\MMS\\SB_MMS.PBM
[ABM enc] parse BMP error, ..\\..\\CUSTOMER\\IMAGES\\PLUTO240X320\\MAINLCD\\CHAT\\SB_CHAT.PBM
[ABM enc] parse BMP error, ..\\..\\CUSTOMER\\IMAGES\\PLUTO240X320\\MAINLCD\\SMS\\SUBMENU\\INBOX\\SS_READ.PBM
[ABM enc] parse BMP error, ..\\..\\CUSTOMER\\IMAGES\\PLUTO240X320\\MAINLCD\\SMS\\SUBMENU\\INBOX\\SS_UREAD.PBM
[ABM enc] parse BMP error, ..\\..\\CUSTOMER\\IMAGES\\PLUTO240X320\\MAINLCD\\SMS\\SUBMENU\\OUTBOX\\SS_SENT.PBM
[ABM enc] parse BMP error, ..\\..\\CUSTOMER\\IMAGES\\PLUTO240X320\\MAINLCD\\SMS\\SUBMENU\\OUTBOX\\SS_UNSENT.PBM
[ABM enc] parse BMP error, ..\\..\\CUSTOMER\\IMAGES\\PLUTO240X320\\MAINLCD\\SMS\\SUBMENU\\INBOX\\SS_NSUP.PBM
[ABM enc] parse BMP error, ..\\..\\CUSTOMER\\IMAGES\\PLUTO240X320\\MAINLCD\\SMS\\SUBMENU\\INBOX\\SS_NCOMP.PBM
[ABM enc] parse BMP error, ..\\..\\CUSTOMER\\IMAGES\\PLUTO240X320\\MAINLCD\\SMS\\SUBMENU\\PROFILE\\MP_PRO.PBM
[ABM enc] parse BMP error, ..\\..\\CUSTOMER\\IMAGES\\PLUTO240X320\\MAINLCD\\SMS\\SUBMENU\\PROFILE\\MP_PHONE.PBM
[ABM enc] parse BMP error, ..\\..\\CUSTOMER\\IMAGES\\PLUTO240X320\\MAINLCD\\SMS\\SUBMENU\\PROFILE\\MP_TIME.PBM
[ABM enc] parse BMP error, ..\\..\\CUSTOMER\\IMAGES\\PLUTO240X320\\MAINLCD\\SMS\\SUBMENU\\PROFILE\\MP_MODE.PBM
[ABM enc] parse BMP error, ..\\..\\CUSTOMER\\IMAGES\\PLUTO240X320\\MAINLCD\\CHAT\\CT_NAME.PBM
[ABM enc] parse BMP error, ..\\..\\CUSTOMER\\IMAGES\\PLUTO240X320\\MAINLCD\\CHAT\\CT_PHONE.PBM
Populating SAT Resources
[ABM enc] parse BMP error, ..\\..\\CUSTOMER\\IMAGES\\PLUTO240X320\\MAINLCD\\WAP\\SB_WAP.PBM
[ABM enc] parse BMP error, ..\\..\\CUSTOMER\\IMAGES\\PLUTO240X320\\MAINLCD\\SUBMENU\\SERVICES\\DATAACCOUNT\\SB_DATA.PBM
[ABM enc] parse BMP error, ..\\..\\CUSTOMER\\IMAGES\\PLUTO240X320\\MAINLCD\\SUBMENU\\SERVICES\\SB_IF.PBM
Populating EM Resources
Populating FM Resources
Populating Audio Player Resources
[ABM enc] parse BMP error, ..\\..\\CUSTOMER\\IMAGES\\PLUTO240X320\\MAINLCD\\AUDIOPLAYER\\SB_AUDIOPLAYER.PBM
[ABM enc] parse BMP error, ..\\..\\CUSTOMER\\IMAGES\\PLUTO240X320\\MAINLCD\\AUDIOPLAYER\\AP_AUTO_GEN.PBM
[ABM enc] parse BMP error, ..\\..\\CUSTOMER\\IMAGES\\PLUTO240X320\\MAINLCD\\AUDIOPLAYER\\AP_PREFER_LIST.PBM
[ABM enc] parse BMP error, ..\\..\\CUSTOMER\\IMAGES\\PLUTO240X320\\MAINLCD\\AUDIOPLAYER\\AP_SKIN.PBM
[ABM enc] parse BMP error, ..\\..\\CUSTOMER\\IMAGES\\PLUTO240X320\\MAINLCD\\AUDIOPLAYER\\AP_REPEAT.PBM
[ABM enc] parse BMP error, ..\\..\\CUSTOMER\\IMAGES\\PLUTO240X320\\MAINLCD\\AUDIOPLAYER\\AP_SHUFFLE.PBM
[ABM enc] parse BMP error, ..\\..\\CUSTOMER\\IMAGES\\PLUTO240X320\\MAINLCD\\AUDIOPLAYER\\AP_BGPLAY.PBM
[ABM enc] parse BMP error, ..\\..\\CUSTOMER\\IMAGES\\PLUTO240X320\\MAINLCD\\AUDIOPLAYER\\AP_SPECTRUM.PBM
[ABM enc] parse BMP error, ..\\..\\CUSTOMER\\IMAGES\\PLUTO240X320\\MAINLCD\\AUDIOPLAYER\\AP_WORDS.PBM
[ABM enc] parse BMP error, ..\\..\\CUSTOMER\\IMAGES\\PLUTO240X320\\MAINLCD\\AUDIOPLAYER\\AP_SIZE.PBM
[ABM enc] parse BMP error, ..\\..\\CUSTOMER\\IMAGES\\PLUTO240X320\\MAINLCD\\AUDIOPLAYER\\AP_TIME.PBM
[ABM enc] parse BMP error, ..\\..\\CUSTOMER\\IMAGES\\PLUTO240X320\\MAINLCD\\AUDIOPLAYER\\AP_TITLE.PBM
[ABM enc] parse BMP error, ..\\..\\CUSTOMER\\IMAGES\\PLUTO240X320\\MAINLCD\\AUDIOPLAYER\\AP_ALBUM.PBM
[ABM enc] parse BMP error, ..\\..\\CUSTOMER\\IMAGES\\PLUTO240X320\\MAINLCD\\AUDIOPLAYER\\AP_ARTIST.PBM
[ABM enc] parse BMP error, ..\\..\\CUSTOMER\\IMAGES\\PLUTO240X320\\MAINLCD\\AUDIOPLAYER\\AP_GENRE.PBM
[ABM enc] parse BMP error, ..\\..\\CUSTOMER\\IMAGES\\PLUTO240X320\\MAINLCD\\AUDIOPLAYER\\AP_YEAR.PBM
[ABM enc] parse BMP error, ..\\..\\CUSTOMER\\IMAGES\\PLUTO240X320\\MAINLCD\\AUDIOPLAYER\\AP_FILENAME.PBM
[ABM enc] parse BMP error, ..\\..\\CUSTOMER\\IMAGES\\PLUTO240X320\\MAINLCD\\AUDIOPLAYER\\AP_CHANNEL.PBM
[ABM enc] parse BMP error, ..\\..\\CUSTOMER\\IMAGES\\PLUTO240X320\\MAINLCD\\AUDIOPLAYER\\AP_QUALITY.PBM
[ABM enc] parse BMP error, ..\\..\\CUSTOMER\\IMAGES\\PLUTO240X320\\MAINLCD\\AUDIOPLAYER\\AP_FILE_WAV.PBM
[ABM enc] parse BMP error, ..\\..\\CUSTOMER\\IMAGES\\PLUTO240X320\\MAINLCD\\AUDIOPLAYER\\AP_FILE_AMR.PBM
[ABM enc] parse BMP error, ..\\..\\CUSTOMER\\IMAGES\\PLUTO240X320\\MAINLCD\\AUDIOPLAYER\\AP_FILE_AAC.PBM
[ABM enc] parse BMP error, ..\\..\\CUSTOMER\\IMAGES\\PLUTO240X320\\MAINLCD\\AUDIOPLAYER\\AP_FILE_AUD.PBM
[ABM enc] parse BMP error, ..\\..\\CUSTOMER\\IMAGES\\PLUTO240X320\\MAINLCD\\AUDIOPLAYER\\AP_FILE_MID.PBM
[ABM enc] parse BMP error, ..\\..\\CUSTOMER\\IMAGES\\PLUTO240X320\\MAINLCD\\AUDIOPLAYER\\AP_FILE_IMY.PBM
[ABM enc] parse BMP error, ..\\..\\CUSTOMER\\IMAGES\\PLUTO240X320\\MAINLCD\\AUDIOPLAYER\\AP_FILE_AWB.PBM
[ABM enc] parse BMP error, ..\\..\\CUSTOMER\\IMAGES\\PLUTO240X320\\MAINLCD\\AUDIOPLAYER\\AP_FILE_AIF.PBM
[ABM enc] parse BMP error, ..\\..\\CUSTOMER\\IMAGES\\PLUTO240X320\\MAINLCD\\AUDIOPLAYER\\AP_FILE_AU.PBM
[ABM enc] parse BMP error, ..\\..\\CUSTOMER\\IMAGES\\PLUTO240X320\\MAINLCD\\AUDIOPLAYER\\AP_FILE_SND.PBM
[ABM enc] parse BMP error, ..\\..\\CUSTOMER\\IMAGES\\PLUTO240X320\\MAINLCD\\AUDIOPLAYER\\AP_FILE_M4A.PBM
[ABM enc] parse BMP error, ..\\..\\CUSTOMER\\IMAGES\\PLUTO240X320\\MAINLCD\\AUDIOPLAYER\\AP_UNKNOWN.PBM
Populating Sound Recorder Resources
[ABM enc] parse BMP error, ..\\..\\CUSTOMER\\IMAGES\\PLUTO240X320\\MAINLCD\\SOUNDRECORDER\\SB_SR.PBM
[ABM enc] parse BMP error, ..\\..\\CUSTOMER\\IMAGES\\PLUTO240X320\\MAINLCD\\SOUNDRECORDER\\SRSETTING\\SR_STORAGE.PBM
[ABM enc] parse BMP error, ..\\..\\CUSTOMER\\IMAGES\\PLUTO240X320\\MAINLCD\\SOUNDRECORDER\\SRSETTING\\SR_FORMAT.PBM
[ABM enc] parse BMP error, ..\\..\\CUSTOMER\\IMAGES\\PLUTO240X320\\MAINLCD\\SOUNDRECORDER\\SRSETTING\\SR_SOUNDQUALITY.PBM
Populating File Manager Resources
Populating Video Player Resources
[ABM enc] parse BMP error, ..\\..\\CUSTOMER\\IMAGES\\PLUTO240X320\\MAINLCD\\VIDEO\\VIDEOPLAYER\\VP_LOADING_EMPTY.PBM
[ABM enc] parse BMP error, ..\\..\\CUSTOMER\\IMAGES\\PLUTO240X320\\MAINLCD\\VIDEO\\VIDEOPLAYER\\VP_LOADING_FILL.PBM
[ABM enc] parse BMP error, ..\\..\\CUSTOMER\\IMAGES\\PLUTO240X320\\MAINLCD\\VIDEO\\VIDEOPLAYER\\OSD_VER\\VP_VOL_2.PBM
[ABM enc] parse BMP error, ..\\..\\CUSTOMER\\IMAGES\\PLUTO240X320\\MAINLCD\\VIDEO\\VIDEOPLAYER\\OSD_VER\\VP_VOL_3.PBM
[ABM enc] parse BMP error, ..\\..\\CUSTOMER\\IMAGES\\PLUTO240X320\\MAINLCD\\VIDEO\\VIDEOPLAYER\\OSD_VER\\VP_VOL_4.PBM
[ABM enc] parse BMP error, ..\\..\\CUSTOMER\\IMAGES\\PLUTO240X320\\MAINLCD\\VIDEO\\VIDEOPLAYER\\OSD_VER\\VP_VOL_5.PBM
[ABM enc] parse BMP error, ..\\..\\CUSTOMER\\IMAGES\\PLUTO240X320\\MAINLCD\\VIDEO\\VIDEOPLAYER\\OSD_VER\\VP_VOL_6.PBM
[ABM enc] parse BMP error, ..\\..\\CUSTOMER\\IMAGES\\PLUTO240X320\\MAINLCD\\VIDEO\\VIDEOPLAYER\\OSD_VER\\VP_VOL_7.PBM
[ABM enc] parse BMP error, ..\\..\\CUSTOMER\\IMAGES\\PLUTO240X320\\MAINLCD\\VIDEO\\VIDEOPLAYER\\OSD_VER\\VP_VOL_8.PBM
[ABM enc] parse BMP error, ..\\..\\CUSTOMER\\IMAGES\\PLUTO240X320\\MAINLCD\\VIDEO\\VIDEOPLAYER\\OSD_VER\\VP_VOL_9.PBM
[ABM enc] parse BMP error, ..\\..\\CUSTOMER\\IMAGES\\PLUTO240X320\\MAINLCD\\VIDEO\\VIDEOPLAYER\\OSD_VER\\VP_VOL_10.PBM
[ABM enc] parse BMP error, ..\\..\\CUSTOMER\\IMAGES\\PLUTO240X320\\MAINLCD\\VIDEO\\VIDEOPLAYER\\OSD_VER\\VP_VOL_11.PBM
[ABM enc] parse BMP error, ..\\..\\CUSTOMER\\IMAGES\\PLUTO240X320\\MAINLCD\\VIDEO\\VIDEOPLAYER\\OSD_VER\\VP_VOL_12.PBM
[ABM enc] parse BMP error, ..\\..\\CUSTOMER\\IMAGES\\PLUTO240X320\\MAINLCD\\VIDEO\\VIDEOPLAYER\\OSD_VER\\VP_VOL_13.PBM
[ABM enc] parse BMP error, ..\\..\\CUSTOMER\\IMAGES\\PLUTO240X320\\MAINLCD\\VIDEO\\VIDEOPLAYER\\OSD_VER\\VP_VOL_14.PBM
[ABM enc] parse BMP error, ..\\..\\CUSTOMER\\IMAGES\\PLUTO240X320\\MAINLCD\\VIDEO\\VIDEOPLAYER\\OSD_VER\\VP_VOL_16.PBM
[ABM enc] parse BMP error, ..\\..\\CUSTOMER\\IMAGES\\PLUTO240X320\\MAINLCD\\VIDEO\\VIDEOPLAYER\\OSD_VER\\VP_VOL_MUTE.PBM
[ABM enc] parse BMP error, ..\\..\\CUSTOMER\\IMAGES\\PLUTO240X320\\MAINLCD\\VIDEO\\VIDEOPLAYER\\OSD_VER\\VP_PROGRESS_FILL.PBM
[ABM enc] parse BMP error, ..\\..\\CUSTOMER\\IMAGES\\PLUTO240X320\\MAINLCD\\VIDEO\\VIDEOPLAYER\\OSD_VER\\VP_PROGRESS_EMPTY.PBM
[ABM enc] parse BMP error, ..\\..\\CUSTOMER\\IMAGES\\PLUTO240X320\\MAINLCD\\VIDEO\\VIDEOPLAYER\\OSD_VER\\VP_TIMER_BG.PBM
[ABM enc] parse BMP error, ..\\..\\CUSTOMER\\IMAGES\\PLUTO240X320\\MAINLCD\\VIDEO\\VIDEOPLAYER\\OSD_VER\\VP_CK_PLAY.PBM
[ABM enc] parse BMP error, ..\\..\\CUSTOMER\\IMAGES\\PLUTO240X320\\MAINLCD\\VIDEO\\VIDEOPLAYER\\OSD_VER\\VP_CK_PLAY_SEL.PBM
[ABM enc] parse BMP error, ..\\..\\CUSTOMER\\IMAGES\\PLUTO240X320\\MAINLCD\\VIDEO\\VIDEOPLAYER\\OSD_VER\\VP_CK_PLAY_DIS.PBM
[ABM enc] parse BMP error, ..\\..\\CUSTOMER\\IMAGES\\PLUTO240X320\\MAINLCD\\VIDEO\\VIDEOPLAYER\\OSD_VER\\VP_CK_PAUSE.PBM
[ABM enc] parse BMP error, ..\\..\\CUSTOMER\\IMAGES\\PLUTO240X320\\MAINLCD\\VIDEO\\VIDEOPLAYER\\OSD_VER\\VP_CK_PAUSE_SEL.PBM
[ABM enc] parse BMP error, ..\\..\\CUSTOMER\\IMAGES\\PLUTO240X320\\MAINLCD\\VIDEO\\VIDEOPLAYER\\OSD_VER\\VP_CK_PAUSE_DIS.PBM
[ABM enc] parse BMP error, ..\\..\\CUSTOMER\\IMAGES\\PLUTO240X320\\MAINLCD\\VIDEO\\VIDEOPLAYER\\OSD_VER\\VP_CK_RESUME.PBM
[ABM enc] parse BMP error, ..\\..\\CUSTOMER\\IMAGES\\PLUTO240X320\\MAINLCD\\VIDEO\\VIDEOPLAYER\\OSD_VER\\VP_CK_RESUME_SEL.PBM
[ABM enc] parse BMP error, ..\\..\\CUSTOMER\\IMAGES\\PLUTO240X320\\MAINLCD\\VIDEO\\VIDEOPLAYER\\OSD_VER\\VP_CK_RESUME_DIS.PBM
[ABM enc] parse BMP error, ..\\..\\CUSTOMER\\IMAGES\\PLUTO240X320\\MAINLCD\\VIDEO\\VIDEOPLAYER\\OSD_FULLSCR\\VP_FULL_PROGRESS_FILL.PBM
[ABM enc] parse BMP error, ..\\..\\CUSTOMER\\IMAGES\\PLUTO240X320\\MAINLCD\\VIDEO\\VIDEOPLAYER\\OSD_FULLSCR\\VP_FULL_PROGRESS_EMPTY.PBM
[ABM enc] parse BMP error, ..\\..\\CUSTOMER\\IMAGES\\PLUTO240X320\\MAINLCD\\VIDEO\\VIDEOPLAYER\\OSD_FULLSCR\\VP_FULL_NUM_0.PBM
[ABM enc] parse BMP error, ..\\..\\CUSTOMER\\IMAGES\\PLUTO240X320\\MAINLCD\\VIDEO\\VIDEOPLAYER\\OSD_FULLSCR\\VP_FULL_NUM_1.PBM
[ABM enc] parse BMP error, ..\\..\\CUSTOMER\\IMAGES\\PLUTO240X320\\MAINLCD\\VIDEO\\VIDEOPLAYER\\OSD_FULLSCR\\VP_FULL_NUM_2.PBM
[ABM enc] parse BMP error, ..\\..\\CUSTOMER\\IMAGES\\PLUTO240X320\\MAINLCD\\VIDEO\\VIDEOPLAYER\\OSD_FULLSCR\\VP_FULL_NUM_3.PBM
[ABM enc] parse BMP error, ..\\..\\CUSTOMER\\IMAGES\\PLUTO240X320\\MAINLCD\\VIDEO\\VIDEOPLAYER\\OSD_FULLSCR\\VP_FULL_NUM_4.PBM
[ABM enc] parse BMP error, ..\\..\\CUSTOMER\\IMAGES\\PLUTO240X320\\MAINLCD\\VIDEO\\VIDEOPLAYER\\OSD_FULLSCR\\VP_FULL_NUM_5.PBM
[ABM enc] parse BMP error, ..\\..\\CUSTOMER\\IMAGES\\PLUTO240X320\\MAINLCD\\VIDEO\\VIDEOPLAYER\\OSD_FULLSCR\\VP_FULL_NUM_6.PBM
[ABM enc] parse BMP error, ..\\..\\CUSTOMER\\IMAGES\\PLUTO240X320\\MAINLCD\\VIDEO\\VIDEOPLAYER\\OSD_FULLSCR\\VP_FULL_NUM_7.PBM
[ABM enc] parse BMP error, ..\\..\\CUSTOMER\\IMAGES\\PLUTO240X320\\MAINLCD\\VIDEO\\VIDEOPLAYER\\OSD_FULLSCR\\VP_FULL_NUM_8.PBM
[ABM enc] parse BMP error, ..\\..\\CUSTOMER\\IMAGES\\PLUTO240X320\\MAINLCD\\VIDEO\\VIDEOPLAYER\\OSD_FULLSCR\\VP_FULL_NUM_9.PBM
[ABM enc] parse BMP error, ..\\..\\CUSTOMER\\IMAGES\\PLUTO240X320\\MAINLCD\\VIDEO\\VIDEOPLAYER\\OSD_FULLSCR\\VP_FULL_NUM_COL.PBM
[ABM enc] parse BMP error, ..\\..\\CUSTOMER\\IMAGES\\PLUTO240X320\\MAINLCD\\VIDEO\\VIDEOPLAYER\\OSD_VER\\VP_VOL_INC.PBM
[ABM enc] parse BMP error, ..\\..\\CUSTOMER\\IMAGES\\PLUTO240X320\\MAINLCD\\VIDEO\\VIDEOPLAYER\\OSD_VER\\VP_VOL_INC_SEL.PBM
[ABM enc] parse BMP error, ..\\..\\CUSTOMER\\IMAGES\\PLUTO240X320\\MAINLCD\\VIDEO\\VIDEOPLAYER\\OSD_VER\\VP_VOL_INC_DIS.PBM
[ABM enc] parse BMP error, ..\\..\\CUSTOMER\\IMAGES\\PLUTO240X320\\MAINLCD\\VIDEO\\VIDEOPLAYER\\OSD_VER\\VP_VOL_DEC.PBM
[ABM enc] parse BMP error, ..\\..\\CUSTOMER\\IMAGES\\PLUTO240X320\\MAINLCD\\VIDEO\\VIDEOPLAYER\\OSD_VER\\VP_VOL_DEC_SEL.PBM
[ABM enc] parse BMP error, ..\\..\\CUSTOMER\\IMAGES\\PLUTO240X320\\MAINLCD\\VIDEO\\VIDEOPLAYER\\OSD_VER\\VP_VOL_DEC_DIS.PBM
[ABM enc] parse BMP error, ..\\..\\CUSTOMER\\IMAGES\\PLUTO240X320\\MAINLCD\\VIDEO\\VIDEOPLAYER\\OSD_VER\\VP_PROGRESS_INC.PBM
[ABM enc] parse BMP error, ..\\..\\CUSTOMER\\IMAGES\\PLUTO240X320\\MAINLCD\\VIDEO\\VIDEOPLAYER\\OSD_VER\\VP_PROGRESS_INC_SEL.PBM
[ABM enc] parse BMP error, ..\\..\\CUSTOMER\\IMAGES\\PLUTO240X320\\MAINLCD\\VIDEO\\VIDEOPLAYER\\OSD_VER\\VP_PROGRESS_DEC.PBM
[ABM enc] parse BMP error, ..\\..\\CUSTOMER\\IMAGES\\PLUTO240X320\\MAINLCD\\VIDEO\\VIDEOPLAYER\\OSD_VER\\VP_PROGRESS_DEC_SEL.PBM
[ABM enc] parse BMP error, ..\\..\\CUSTOMER\\IMAGES\\PLUTO240X320\\MAINLCD\\VIDEO\\VIDEOPLAYER\\OSD_VER\\VP_FULLSCREEN.PBM
[ABM enc] parse BMP error, ..\\..\\CUSTOMER\\IMAGES\\PLUTO240X320\\MAINLCD\\VIDEO\\VIDEOPLAYER\\OSD_VER\\VP_FULLSCREEN_SEL.PBM
[ABM enc] parse BMP error, ..\\..\\CUSTOMER\\IMAGES\\PLUTO240X320\\MAINLCD\\VIDEO\\VIDEOPLAYER\\OSD_VER\\VP_FULLSCREEN_DIS.PBM
Populating Video Recoder Resources
[ABM enc] parse BMP error, ..\\..\\CUSTOMER\\IMAGES\\PLUTO240X320\\MAINLCD\\VIDEO\\VIDEORECORDER\\OSD_VER\\VR_TIMER_BG.PBM
[ABM enc] parse BMP error, ..\\..\\CUSTOMER\\IMAGES\\PLUTO240X320\\MAINLCD\\VIDEO\\VIDEORECORDER\\OSD_VER\\VR_STATE_PAUSE.PBM
[ABM enc] parse BMP error, ..\\..\\CUSTOMER\\IMAGES\\PLUTO240X320\\MAINLCD\\VIDEO\\VIDEORECORDER\\OSD_VER\\VR_STATE_STOP.PBM
[ABM enc] parse BMP error, ..\\..\\CUSTOMER\\IMAGES\\PLUTO240X320\\MAINLCD\\VIDEO\\VIDEORECORDER\\OSD_VER\\VR_EV_N4.PBM
[ABM enc] parse BMP error, ..\\..\\CUSTOMER\\IMAGES\\PLUTO240X320\\MAINLCD\\VIDEO\\VIDEORECORDER\\OSD_VER\\VR_EV_N3.PBM
[ABM enc] parse BMP error, ..\\..\\CUSTOMER\\IMAGES\\PLUTO240X320\\MAINLCD\\VIDEO\\VIDEORECORDER\\OSD_VER\\VR_EV_N2.PBM
[ABM enc] parse BMP error, ..\\..\\CUSTOMER\\IMAGES\\PLUTO240X320\\MAINLCD\\VIDEO\\VIDEORECORDER\\OSD_VER\\VR_EV_N1.PBM
[ABM enc] parse BMP error, ..\\..\\CUSTOMER\\IMAGES\\PLUTO240X320\\MAINLCD\\VIDEO\\VIDEORECORDER\\OSD_VER\\VR_EV_0.PBM
[ABM enc] parse BMP error, ..\\..\\CUSTOMER\\IMAGES\\PLUTO240X320\\MAINLCD\\VIDEO\\VIDEORECORDER\\OSD_VER\\VR_EV_P1.PBM
[ABM enc] parse BMP error, ..\\..\\CUSTOMER\\IMAGES\\PLUTO240X320\\MAINLCD\\VIDEO\\VIDEORECORDER\\OSD_VER\\VR_EV_P2.PBM
[ABM enc] parse BMP error, ..\\..\\CUSTOMER\\IMAGES\\PLUTO240X320\\MAINLCD\\VIDEO\\VIDEORECORDER\\OSD_VER\\VR_EV_P3.PBM
[ABM enc] parse BMP error, ..\\..\\CUSTOMER\\IMAGES\\PLUTO240X320\\MAINLCD\\VIDEO\\VIDEORECORDER\\OSD_VER\\VR_EV_P4.PBM
[ABM enc] parse BMP error, ..\\..\\CUSTOMER\\IMAGES\\PLUTO240X320\\MAINLCD\\VIDEO\\VIDEORECORDER\\OSD_VER\\VR_ZOOM_10.PBM
[ABM enc] parse BMP error, ..\\..\\CUSTOMER\\IMAGES\\PLUTO240X320\\MAINLCD\\VIDEO\\VIDEORECORDER\\OSD_VER\\VR_ZOOM_12.PBM
[ABM enc] parse BMP error, ..\\..\\CUSTOMER\\IMAGES\\PLUTO240X320\\MAINLCD\\VIDEO\\VIDEORECORDER\\OSD_VER\\VR_ZOOM_14.PBM
[ABM enc] parse BMP error, ..\\..\\CUSTOMER\\IMAGES\\PLUTO240X320\\MAINLCD\\VIDEO\\VIDEORECORDER\\OSD_VER\\VR_ZOOM_16.PBM
[ABM enc] parse BMP error, ..\\..\\CUSTOMER\\IMAGES\\PLUTO240X320\\MAINLCD\\VIDEO\\VIDEORECORDER\\OSD_VER\\VR_ZOOM_18.PBM
[ABM enc] parse BMP error, ..\\..\\CUSTOMER\\IMAGES\\PLUTO240X320\\MAINLCD\\VIDEO\\VIDEORECORDER\\OSD_VER\\VR_ZOOM_20.PBM
[ABM enc] parse BMP error, ..\\..\\CUSTOMER\\IMAGES\\PLUTO240X320\\MAINLCD\\VIDEO\\VIDEORECORDER\\OSD_VER\\VR_ZOOM_22.PBM
[ABM enc] parse BMP error, ..\\..\\CUSTOMER\\IMAGES\\PLUTO240X320\\MAINLCD\\VIDEO\\VIDEORECORDER\\OSD_VER\\VR_ZOOM_24.PBM
[ABM enc] parse BMP error, ..\\..\\CUSTOMER\\IMAGES\\PLUTO240X320\\MAINLCD\\VIDEO\\VIDEORECORDER\\OSD_VER\\VR_ZOOM_26.PBM
[ABM enc] parse BMP error, ..\\..\\CUSTOMER\\IMAGES\\PLUTO240X320\\MAINLCD\\VIDEO\\VIDEORECORDER\\OSD_VER\\VR_ZOOM_28.PBM
[ABM enc] parse BMP error, ..\\..\\CUSTOMER\\IMAGES\\PLUTO240X320\\MAINLCD\\VIDEO\\VIDEORECORDER\\OSD_VER\\VR_ZOOM_30.PBM
[ABM enc] parse BMP error, ..\\..\\CUSTOMER\\IMAGES\\PLUTO240X320\\MAINLCD\\VIDEO\\VIDEORECORDER\\OSD_VER\\VR_ZOOM_32.PBM
[ABM enc] parse BMP error, ..\\..\\CUSTOMER\\IMAGES\\PLUTO240X320\\MAINLCD\\VIDEO\\VIDEORECORDER\\OSD_VER\\VR_ZOOM_34.PBM
[ABM enc] parse BMP error, ..\\..\\CUSTOMER\\IMAGES\\PLUTO240X320\\MAINLCD\\VIDEO\\VIDEORECORDER\\OSD_VER\\VR_ZOOM_36.PBM
[ABM enc] parse BMP error, ..\\..\\CUSTOMER\\IMAGES\\PLUTO240X320\\MAINLCD\\VIDEO\\VIDEORECORDER\\OSD_VER\\VR_ZOOM_38.PBM
[ABM enc] parse BMP error, ..\\..\\CUSTOMER\\IMAGES\\PLUTO240X320\\MAINLCD\\VIDEO\\VIDEORECORDER\\OSD_VER\\VR_ZOOM_40.PBM
[ABM enc] parse BMP error, ..\\..\\CUSTOMER\\IMAGES\\PLUTO240X320\\MAINLCD\\VIDEO\\VIDEORECORDER\\OSD_VER\\VR_EV_INC.PBM
[ABM enc] parse BMP error, ..\\..\\CUSTOMER\\IMAGES\\PLUTO240X320\\MAINLCD\\VIDEO\\VIDEORECORDER\\OSD_VER\\VR_EV_INC_SEL.PBM
[ABM enc] parse BMP error, ..\\..\\CUSTOMER\\IMAGES\\PLUTO240X320\\MAINLCD\\VIDEO\\VIDEORECORDER\\OSD_VER\\VR_EV_INC_DIS.PBM
[ABM enc] parse BMP error, ..\\..\\CUSTOMER\\IMAGES\\PLUTO240X320\\MAINLCD\\VIDEO\\VIDEORECORDER\\OSD_VER\\VR_EV_DEC.PBM
[ABM enc] parse BMP error, ..\\..\\CUSTOMER\\IMAGES\\PLUTO240X320\\MAINLCD\\VIDEO\\VIDEORECORDER\\OSD_VER\\VR_EV_DEC_SEL.PBM
[ABM enc] parse BMP error, ..\\..\\CUSTOMER\\IMAGES\\PLUTO240X320\\MAINLCD\\VIDEO\\VIDEORECORDER\\OSD_VER\\VR_EV_DEC_DIS.PBM
[ABM enc] parse BMP error, ..\\..\\CUSTOMER\\IMAGES\\PLUTO240X320\\MAINLCD\\VIDEO\\VIDEORECORDER\\OSD_VER\\VR_ZOOM_INC.PBM
[ABM enc] parse BMP error, ..\\..\\CUSTOMER\\IMAGES\\PLUTO240X320\\MAINLCD\\VIDEO\\VIDEORECORDER\\OSD_VER\\VR_ZOOM_INC_SEL.PBM
[ABM enc] parse BMP error, ..\\..\\CUSTOMER\\IMAGES\\PLUTO240X320\\MAINLCD\\VIDEO\\VIDEORECORDER\\OSD_VER\\VR_ZOOM_INC_DIS.PBM
[ABM enc] parse BMP error, ..\\..\\CUSTOMER\\IMAGES\\PLUTO240X320\\MAINLCD\\VIDEO\\VIDEORECORDER\\OSD_VER\\VR_ZOOM_DEC.PBM
[ABM enc] parse BMP error, ..\\..\\CUSTOMER\\IMAGES\\PLUTO240X320\\MAINLCD\\VIDEO\\VIDEORECORDER\\OSD_VER\\VR_ZOOM_DEC_SEL.PBM
[ABM enc] parse BMP error, ..\\..\\CUSTOMER\\IMAGES\\PLUTO240X320\\MAINLCD\\VIDEO\\VIDEORECORDER\\OSD_VER\\VR_ZOOM_DEC_DIS.PBM
[ABM enc] parse BMP error, ..\\..\\CUSTOMER\\IMAGES\\PLUTO240X320\\MAINLCD\\VIDEO\\VIDEORECORDER\\OSD_VER\\VR_CK_PAUSE.PBM
[ABM enc] parse BMP error, ..\\..\\CUSTOMER\\IMAGES\\PLUTO240X320\\MAINLCD\\VIDEO\\VIDEORECORDER\\OSD_VER\\VR_CK_PAUSE_SEL.PBM
[ABM enc] parse BMP error, ..\\..\\CUSTOMER\\IMAGES\\PLUTO240X320\\MAINLCD\\VIDEO\\VIDEORECORDER\\OSD_VER\\VR_CK_RESUME.PBM
[ABM enc] parse BMP error, ..\\..\\CUSTOMER\\IMAGES\\PLUTO240X320\\MAINLCD\\VIDEO\\VIDEORECORDER\\OSD_VER\\VR_CK_RESUME_SEL.PBM
[ABM enc] parse BMP error, ..\\..\\CUSTOMER\\IMAGES\\PLUTO240X320\\MAINLCD\\VIDEO\\VIDEORECORDER\\OSD_VER\\VR_CK_RECORD.PBM
[ABM enc] parse BMP error, ..\\..\\CUSTOMER\\IMAGES\\PLUTO240X320\\MAINLCD\\VIDEO\\VIDEORECORDER\\OSD_VER\\VR_CK_RECORD_SEL.PBM
Populating NITZ Resources
Populating StopWatch Resources
[ABM enc] parse BMP error, ..\\..\\CUSTOMER\\IMAGES\\PLUTO240X320\\MAINLCD\\STOPWATCH\\SW.BMP
Populating Camera Resource
[ABM enc] parse BMP error, ..\\..\\CUSTOMER\\IMAGES\\PLUTO240X320\\MAINLCD\\CAMERA\\CAMERA\\OSD\\CAM_FLASH_OFF.PBM
[ABM enc] parse BMP error, ..\\..\\CUSTOMER\\IMAGES\\PLUTO240X320\\MAINLCD\\CAMERA\\CAMERA\\OSD\\CAM_FLASH_ON.PBM
[ABM enc] parse BMP error, ..\\..\\CUSTOMER\\IMAGES\\PLUTO240X320\\MAINLCD\\CAMERA\\CAMERA\\OSD\\CAM_EV_P4.PBM
[ABM enc] parse BMP error, ..\\..\\CUSTOMER\\IMAGES\\PLUTO240X320\\MAINLCD\\CAMERA\\CAMERA\\OSD\\CAM_EV_P3.PBM
[ABM enc] parse BMP error, ..\\..\\CUSTOMER\\IMAGES\\PLUTO240X320\\MAINLCD\\CAMERA\\CAMERA\\OSD\\CAM_EV_P2.PBM
[ABM enc] parse BMP error, ..\\..\\CUSTOMER\\IMAGES\\PLUTO240X320\\MAINLCD\\CAMERA\\CAMERA\\OSD\\CAM_EV_P1.PBM
[ABM enc] parse BMP error, ..\\..\\CUSTOMER\\IMAGES\\PLUTO240X320\\MAINLCD\\CAMERA\\CAMERA\\OSD\\CAM_EV_0.PBM
[ABM enc] parse BMP error, ..\\..\\CUSTOMER\\IMAGES\\PLUTO240X320\\MAINLCD\\CAMERA\\CAMERA\\OSD\\CAM_EV_N1.PBM
[ABM enc] parse BMP error, ..\\..\\CUSTOMER\\IMAGES\\PLUTO240X320\\MAINLCD\\CAMERA\\CAMERA\\OSD\\CAM_EV_N2.PBM
[ABM enc] parse BMP error, ..\\..\\CUSTOMER\\IMAGES\\PLUTO240X320\\MAINLCD\\CAMERA\\CAMERA\\OSD\\CAM_EV_N3.PBM
[ABM enc] parse BMP error, ..\\..\\CUSTOMER\\IMAGES\\PLUTO240X320\\MAINLCD\\CAMERA\\CAMERA\\OSD\\CAM_EV_N4.PBM
[ABM enc] parse BMP error, ..\\..\\CUSTOMER\\IMAGES\\PLUTO240X320\\MAINLCD\\CAMERA\\CAMERA\\OSD\\CAM_IMGSIZE_2048X1536.PBM
[ABM enc] parse BMP error, ..\\..\\CUSTOMER\\IMAGES\\PLUTO240X320\\MAINLCD\\CAMERA\\CAMERA\\OSD\\CAM_IMGSIZE_1600X1200.PBM
[ABM enc] parse BMP error, ..\\..\\CUSTOMER\\IMAGES\\PLUTO240X320\\MAINLCD\\CAMERA\\CAMERA\\OSD\\CAM_IMGSIZE_1280X1024.PBM
[ABM enc] parse BMP error, ..\\..\\CUSTOMER\\IMAGES\\PLUTO240X320\\MAINLCD\\CAMERA\\CAMERA\\OSD\\CAM_IMGSIZE_1280X960.PBM
[ABM enc] parse BMP error, ..\\..\\CUSTOMER\\IMAGES\\PLUTO240X320\\MAINLCD\\CAMERA\\CAMERA\\OSD\\CAM_IMGSIZE_800X600.PBM
[ABM enc] parse BMP error, ..\\..\\CUSTOMER\\IMAGES\\PLUTO240X320\\MAINLCD\\CAMERA\\CAMERA\\OSD\\CAM_IMGSIZE_640X480.PBM
[ABM enc] parse BMP error, ..\\..\\CUSTOMER\\IMAGES\\PLUTO240X320\\MAINLCD\\CAMERA\\CAMERA\\OSD\\CAM_IMGSIZE_320X240.PBM
[ABM enc] parse BMP error, ..\\..\\CUSTOMER\\IMAGES\\PLUTO240X320\\MAINLCD\\CAMERA\\CAMERA\\OSD\\CAM_IMGSIZE_160X120.PBM
[ABM enc] parse BMP error, ..\\..\\CUSTOMER\\IMAGES\\PLUTO240X320\\MAINLCD\\CAMERA\\CAMERA\\OSD\\CAM_IMGSIZE_80X60.PBM
[ABM enc] parse BMP error, ..\\..\\CUSTOMER\\IMAGES\\PLUTO240X320\\MAINLCD\\CAMERA\\CAMERA\\OSD\\CAM_IMGSIZE_80X56.PBM
[ABM enc] parse BMP error, ..\\..\\CUSTOMER\\IMAGES\\PLUTO240X320\\MAINLCD\\CAMERA\\CAMERA\\OSD\\CAM_IMGSIZE_240X320.PBM
[ABM enc] parse BMP error, ..\\..\\CUSTOMER\\IMAGES\\PLUTO240X320\\MAINLCD\\CAMERA\\CAMERA\\OSD\\CAM_IMGSIZE_176X220.PBM
[ABM enc] parse BMP error, ..\\..\\CUSTOMER\\IMAGES\\PLUTO240X320\\MAINLCD\\CAMERA\\CAMERA\\OSD\\CAM_IMGSIZE_128X160.PBM
[ABM enc] parse BMP error, ..\\..\\CUSTOMER\\IMAGES\\PLUTO240X320\\MAINLCD\\CAMERA\\CAMERA\\OSD\\CAM_IMGSIZE_128X128.PBM
[ABM enc] parse BMP error, ..\\..\\CUSTOMER\\IMAGES\\PLUTO240X320\\MAINLCD\\CAMERA\\CAMERA\\OSD\\CAM_IMGSIZE_96X64.PBM
[ABM enc] parse BMP error, ..\\..\\CUSTOMER\\IMAGES\\PLUTO240X320\\MAINLCD\\CAMERA\\CAMERA\\OSD\\CAM_IMGSIZE_128X85.PBM
[ABM enc] parse BMP error, ..\\..\\CUSTOMER\\IMAGES\\PLUTO240X320\\MAINLCD\\CAMERA\\CAMERA\\OSD\\CAM_IMGSIZE_UNDEF.PBM
[ABM enc] parse BMP error, ..\\..\\CUSTOMER\\IMAGES\\PLUTO240X320\\MAINLCD\\CAMERA\\CAMERA\\OSD\\CAM_IMGQTY_LOW.PBM
[ABM enc] parse BMP error, ..\\..\\CUSTOMER\\IMAGES\\PLUTO240X320\\MAINLCD\\CAMERA\\CAMERA\\OSD\\CAM_IMGQTY_NORMAL.PBM
[ABM enc] parse BMP error, ..\\..\\CUSTOMER\\IMAGES\\PLUTO240X320\\MAINLCD\\CAMERA\\CAMERA\\OSD\\CAM_IMGQTY_HIGH.PBM
[ABM enc] parse BMP error, ..\\..\\CUSTOMER\\IMAGES\\PLUTO240X320\\MAINLCD\\CAMERA\\CAMERA\\OSD\\CAM_ADD_FRAME.PBM
[ABM enc] parse BMP error, ..\\..\\CUSTOMER\\IMAGES\\PLUTO240X320\\MAINLCD\\CAMERA\\CAMERA\\OSD\\CAM_ZOOM_BAR.PBM
[ABM enc] parse BMP error, ..\\..\\CUSTOMER\\IMAGES\\PLUTO240X320\\MAINLCD\\CAMERA\\CAMERA\\OSD\\CAM_ZOOM_SLIDER.PBM
[ABM enc] parse BMP error, ..\\..\\CUSTOMER\\IMAGES\\PLUTO240X320\\MAINLCD\\CAMERA\\CAMERA\\OSD\\CAM_FX_NORMAL.PBM
[ABM enc] parse BMP error, ..\\..\\CUSTOMER\\IMAGES\\PLUTO240X320\\MAINLCD\\CAMERA\\CAMERA\\OSD\\CAM_FX_GRAYSCALE.PBM
[ABM enc] parse BMP error, ..\\..\\CUSTOMER\\IMAGES\\PLUTO240X320\\MAINLCD\\CAMERA\\CAMERA\\OSD\\CAM_FX_SEPIA.PBM
[ABM enc] parse BMP error, ..\\..\\CUSTOMER\\IMAGES\\PLUTO240X320\\MAINLCD\\CAMERA\\CAMERA\\OSD\\CAM_FX_SEPIA_G.PBM
[ABM enc] parse BMP error, ..\\..\\CUSTOMER\\IMAGES\\PLUTO240X320\\MAINLCD\\CAMERA\\CAMERA\\OSD\\CAM_FX_SEPIA_B.PBM
[ABM enc] parse BMP error, ..\\..\\CUSTOMER\\IMAGES\\PLUTO240X320\\MAINLCD\\CAMERA\\CAMERA\\OSD\\CAM_FX_COLOR_INV.PBM
Populating Image Viewer Resource
Populating FM Radio Resource
[ABM enc] parse BMP error, ..\\..\\CUSTOMER\\IMAGES\\PLUTO240X320\\MAINLCD\\FMRADIO\\SB_FMRADIO.PBM
[ABM enc] parse BMP error, ..\\..\\CUSTOMER\\IMAGES\\PLUTO240X320\\MAINLCD\\FMRADIO\\FMR_BACKGROUNDPLAY.PBM
[ABM enc] parse BMP error, ..\\..\\CUSTOMER\\IMAGES\\PLUTO240X320\\MAINLCD\\FMRADIO\\FMR_SKIN.PBM
[ABM enc] parse BMP error, ..\\..\\CUSTOMER\\IMAGES\\PLUTO240X320\\MAINLCD\\FMRADIO\\FMR_CHANNELNAME.PBM
[ABM enc] parse BMP error, ..\\..\\CUSTOMER\\IMAGES\\PLUTO240X320\\MAINLCD\\FMRADIO\\FMR_FREQUENCY.PBM
[ABM enc] parse BMP error, ..\\..\\CUSTOMER\\IMAGES\\PLUTO240X320\\MAINLCD\\FMRADIO\\FMR_LOUDSPEAKER.PBM
[ABM enc] parse BMP error, ..\\..\\CUSTOMER\\IMAGES\\PLUTO240X320\\MAINLCD\\FMRADIO\\FMR_FORMAT.PBM
[ABM enc] parse BMP error, ..\\..\\CUSTOMER\\IMAGES\\PLUTO240X320\\MAINLCD\\FMRADIO\\FMR_SOUNDQUALITY.PBM
[ABM enc] parse BMP error, ..\\..\\CUSTOMER\\IMAGES\\PLUTO240X320\\MAINLCD\\FMRADIO\\FMR_STORAGE.PBM
[ABM enc] parse BMP error, ..\\..\\CUSTOMER\\IMAGES\\PLUTO240X320\\MAINLCD\\FMRADIO\\SKIN1\\FMR_VOLUME.BMP
[ABM enc] parse BMP error, ..\\..\\CUSTOMER\\IMAGES\\PLUTO240X320\\MAINLCD\\FMRADIO\\SKIN1\\FMR_TUNER_SCALE_INDICATOR.BMP
[ABM enc] parse BMP error, ..\\..\\CUSTOMER\\IMAGES\\PLUTO240X320\\MAINLCD\\FMRADIO\\SKIN1\\FMR_POWER_ON_UP.BMP
[ABM enc] parse BMP error, ..\\..\\CUSTOMER\\IMAGES\\PLUTO240X320\\MAINLCD\\FMRADIO\\SKIN1\\FMR_POWER_ON_DOWN.BMP
[ABM enc] parse BMP error, ..\\..\\CUSTOMER\\IMAGES\\PLUTO240X320\\MAINLCD\\FMRADIO\\SKIN1\\FMR_POWER_OFF_UP.BMP
[ABM enc] parse BMP error, ..\\..\\CUSTOMER\\IMAGES\\PLUTO240X320\\MAINLCD\\FMRADIO\\SKIN1\\FMR_POWER_OFF_DOWN.BMP
[ABM enc] parse BMP error, ..\\..\\CUSTOMER\\IMAGES\\PLUTO240X320\\MAINLCD\\FMRADIO\\SKIN1\\FMR_SEARCH_ON_UP.BMP
[ABM enc] parse BMP error, ..\\..\\CUSTOMER\\IMAGES\\PLUTO240X320\\MAINLCD\\FMRADIO\\SKIN1\\FMR_SEARCH_ON_DOWN.BMP
[ABM enc] parse BMP error, ..\\..\\CUSTOMER\\IMAGES\\PLUTO240X320\\MAINLCD\\FMRADIO\\SKIN1\\FMR_SEARCH_OFF_UP.BMP
[ABM enc] parse BMP error, ..\\..\\CUSTOMER\\IMAGES\\PLUTO240X320\\MAINLCD\\FMRADIO\\SKIN1\\FMR_SEARCH_OFF_DOWN.BMP
[ABM enc] parse BMP error, ..\\..\\CUSTOMER\\IMAGES\\PLUTO240X320\\MAINLCD\\FMRADIO\\SKIN1\\FMR_RIGHT_UP.BMP
[ABM enc] parse BMP error, ..\\..\\CUSTOMER\\IMAGES\\PLUTO240X320\\MAINLCD\\FMRADIO\\SKIN1\\FMR_RIGHT_DOWN.BMP
[ABM enc] parse BMP error, ..\\..\\CUSTOMER\\IMAGES\\PLUTO240X320\\MAINLCD\\FMRADIO\\SKIN1\\FMR_LEFT_UP.BMP
[ABM enc] parse BMP error, ..\\..\\CUSTOMER\\IMAGES\\PLUTO240X320\\MAINLCD\\FMRADIO\\SKIN1\\FMR_LEFT_DOWN.BMP
[ABM enc] parse BMP error, ..\\..\\CUSTOMER\\IMAGES\\PLUTO240X320\\MAINLCD\\FMRADIO\\SKIN1\\FMR_VOLUME_INC_UP.BMP
[ABM enc] parse BMP error, ..\\..\\CUSTOMER\\IMAGES\\PLUTO240X320\\MAINLCD\\FMRADIO\\SKIN1\\FMR_VOLUME_INC_DOWN.BMP
[ABM enc] parse BMP error, ..\\..\\CUSTOMER\\IMAGES\\PLUTO240X320\\MAINLCD\\FMRADIO\\SKIN1\\FMR_VOLUME_DEC_UP.BMP
[ABM enc] parse BMP error, ..\\..\\CUSTOMER\\IMAGES\\PLUTO240X320\\MAINLCD\\FMRADIO\\SKIN1\\FMR_VOLUME_DEC_DOWN.BMP
[ABM enc] parse BMP error, ..\\..\\CUSTOMER\\IMAGES\\PLUTO240X320\\MAINLCD\\FMRADIO\\SKIN1\\FMR_SETTING_UP.BMP
[ABM enc] parse BMP error, ..\\..\\CUSTOMER\\IMAGES\\PLUTO240X320\\MAINLCD\\FMRADIO\\SKIN1\\FMR_SETTING_DOWN.BMP
[ABM enc] parse BMP error, ..\\..\\CUSTOMER\\IMAGES\\PLUTO240X320\\MAINLCD\\FMRADIO\\SKIN1\\FMR_REC.PBM
[ABM enc] parse BMP error, ..\\..\\CUSTOMER\\IMAGES\\PLUTO240X320\\MAINLCD\\FMRADIO\\SKIN1\\FMR_REC_PAUSE.PBM
Populating USB Resource
Populating Bluetooth Resource
[ABM enc] parse BMP error, ..\\..\\CUSTOMER\\IMAGES\\PLUTO240X320\\MAINLCD\\BLUETOOTH\\SB_BT.PBM
[ABM enc] parse BMP error, ..\\..\\CUSTOMER\\IMAGES\\PLUTO240X320\\MAINLCD\\BLUETOOTH\\OBT_MOB.PBM
[ABM enc] parse BMP error, ..\\..\\CUSTOMER\\IMAGES\\PLUTO240X320\\MAINLCD\\BLUETOOTH\\OBT_EAR.PBM
[ABM enc] parse BMP error, ..\\..\\CUSTOMER\\IMAGES\\PLUTO240X320\\MAINLCD\\BLUETOOTH\\OBT_OTHER.PBM
Populating WAP Resource
[ABM enc] parse BMP error, ..\\..\\CUSTOMER\\IMAGES\\PLUTO240X320\\MAINLCD\\DUALSIM\\MMS\\LOCK\\MASTER\\MMS_LOCK_READ_SIM1.BMP
[ABM enc] parse BMP error, ..\\..\\CUSTOMER\\IMAGES\\PLUTO240X320\\MAINLCD\\DUALSIM\\MMS\\MESSAGE\\MASTER\\MMS_MESSAGE_SIM1.BMP
[ABM enc] parse BMP error, ..\\..\\CUSTOMER\\IMAGES\\PLUTO240X320\\MAINLCD\\DUALSIM\\MMS\\MESSAGE\\SLAVE\\MMS_MESSAGE_SIM2.BMP
[ABM enc] parse BMP error, ..\\..\\CUSTOMER\\IMAGES\\PLUTO240X320\\MAINLCD\\DUALSIM\\MMS\\MESSAGE\\MASTER\\MMS_MESSAGE_H_SIM1.BMP
[ABM enc] parse BMP error, ..\\..\\CUSTOMER\\IMAGES\\PLUTO240X320\\MAINLCD\\DUALSIM\\MMS\\MESSAGE\\SLAVE\\MMS_MESSAGE_H_SIM2.BMP
[ABM enc] parse BMP error, ..\\..\\CUSTOMER\\IMAGES\\PLUTO240X320\\MAINLCD\\DUALSIM\\MMS\\MESSAGE\\MASTER\\MMS_MESSAGE_L_SIM1.BMP
[ABM enc] parse BMP error, ..\\..\\CUSTOMER\\IMAGES\\PLUTO240X320\\MAINLCD\\DUALSIM\\MMS\\MESSAGE\\SLAVE\\MMS_MESSAGE_L_SIM2.BMP
[ABM enc] parse BMP error, ..\\..\\CUSTOMER\\IMAGES\\PLUTO240X320\\MAINLCD\\DUALSIM\\MMS\\MESSAGE\\MASTER\\MMS_MESSAGEREAD_SIM1.BMP
[ABM enc] parse BMP error, ..\\..\\CUSTOMER\\IMAGES\\PLUTO240X320\\MAINLCD\\DUALSIM\\MMS\\MESSAGE\\MASTER\\MMS_MESSAGEREAD_H_SIM1.BMP
[ABM enc] parse BMP error, ..\\..\\CUSTOMER\\IMAGES\\PLUTO240X320\\MAINLCD\\DUALSIM\\MMS\\READREPORT\\MASTER\\MMS_READ_SIM1.BMP
[ABM enc] parse BMP error, ..\\..\\CUSTOMER\\IMAGES\\PLUTO240X320\\MAINLCD\\DUALSIM\\MMS\\READREPORT\\SLAVE\\MMS_READ_SIM2.BMP
[ABM enc] parse BMP error, ..\\..\\CUSTOMER\\IMAGES\\PLUTO240X320\\MAINLCD\\DUALSIM\\MMS\\READREPORT\\MASTER\\MMS_READ_READ_SIM1.BMP
[ABM enc] parse BMP error, ..\\..\\CUSTOMER\\IMAGES\\PLUTO240X320\\MAINLCD\\WAP\\SW_NAME.PBM
[ABM enc] parse BMP error, ..\\..\\CUSTOMER\\IMAGES\\PLUTO240X320\\MAINLCD\\WAP\\SW_PASS.PBM
[ABM enc] parse BMP error, ..\\..\\CUSTOMER\\IMAGES\\PLUTO240X320\\MAINLCD\\WAP\\SW_HOME.PBM
[ABM enc] parse BMP error, ..\\..\\CUSTOMER\\IMAGES\\PLUTO240X320\\MAINLCD\\WAP\\SW_SET.PBM
[ABM enc] parse BMP error, ..\\..\\CUSTOMER\\IMAGES\\PLUTO240X320\\MAINLCD\\WAP\\SW_INBOX.PBM
[ABM enc] parse BMP error, ..\\..\\CUSTOMER\\IMAGES\\PLUTO240X320\\MAINLCD\\WAP\\SW_READ.PBM
[ABM enc] parse BMP error, ..\\..\\CUSTOMER\\IMAGES\\PLUTO240X320\\MAINLCD\\WAP\\SW_UNREAD.PBM
[ABM enc] parse BMP error, ..\\..\\CUSTOMER\\IMAGES\\PLUTO240X320\\MAINLCD\\MMS\\JSR\\MMS_MESSAGEJSR.PBM
[ABM enc] parse BMP error, ..\\..\\CUSTOMER\\IMAGES\\PLUTO240X320\\MAINLCD\\MMS\\DRAFT\\MMSDRAFT.PBM
[ABM enc] parse BMP error, ..\\..\\CUSTOMER\\IMAGES\\PLUTO240X320\\MAINLCD\\MMS\\NOTIFICATION\\NOTIFICATION.PBM
[ABM enc] parse BMP error, ..\\..\\CUSTOMER\\IMAGES\\PLUTO240X320\\MAINLCD\\MMS\\READREPORT\\MMS_READ.PBM
[ABM enc] parse BMP error, ..\\..\\CUSTOMER\\IMAGES\\PLUTO240X320\\MAINLCD\\MMS\\READREPORT\\MMS_READ_READ.PBM
[ABM enc] parse BMP error, ..\\..\\CUSTOMER\\IMAGES\\PLUTO240X320\\MAINLCD\\MMS\\DELIVERYREPORT\\MMS_DELIVERY.PBM
[ABM enc] parse BMP error, ..\\..\\CUSTOMER\\IMAGES\\PLUTO240X320\\MAINLCD\\MMS\\DELIVERYREPORT\\MMS_DELIVERY_READ.PBM
[ABM enc] parse BMP error, ..\\..\\CUSTOMER\\IMAGES\\PLUTO240X320\\MAINLCD\\MMS\\SMIL\\AUDIO.PBM
[ABM enc] parse BMP error, ..\\..\\CUSTOMER\\IMAGES\\PLUTO240X320\\MAINLCD\\MMS\\SMIL\\ATTACHFILE.PBM
[ABM enc] parse BMP error, ..\\..\\CUSTOMER\\IMAGES\\PLUTO240X320\\MAINLCD\\MMS\\SMIL\\PIC_ICON.PBM
[ABM enc] parse BMP error, ..\\..\\CUSTOMER\\IMAGES\\PLUTO240X320\\MAINLCD\\MMS\\SMIL\\VIDEO_ICON.PBM
[ABM enc] parse BMP error, ..\\..\\CUSTOMER\\IMAGES\\PLUTO240X320\\MAINLCD\\MMS\\LOCK\\MMS_LOCK.PBM
[ABM enc] parse BMP error, ..\\..\\CUSTOMER\\IMAGES\\PLUTO240X320\\MAINLCD\\MMS\\LOCK\\MMS_LOCK_READ.PBM
[ABM enc] parse BMP error, ..\\..\\CUSTOMER\\IMAGES\\PLUTO240X320\\MAINLCD\\MMS\\LOCK\\MMS_LOCK_L.PBM
[ABM enc] parse BMP error, ..\\..\\CUSTOMER\\IMAGES\\PLUTO240X320\\MAINLCD\\MMS\\LOCK\\MMS_LOCK_READ_H.PBM
[ABM enc] parse BMP error, ..\\..\\CUSTOMER\\IMAGES\\PLUTO240X320\\MAINLCD\\MMS\\LOCK\\MMS_LOCK_READ_L.PBM
[ABM enc] parse BMP error, ..\\..\\CUSTOMER\\IMAGES\\PLUTO240X320\\MAINLCD\\MMS\\SB_WRITE.PBM
[ABM enc] parse BMP error, ..\\..\\CUSTOMER\\IMAGES\\PLUTO240X320\\MAINLCD\\MMS\\SB_INBOX.PBM
[ABM enc] parse BMP error, ..\\..\\CUSTOMER\\IMAGES\\PLUTO240X320\\MAINLCD\\MMS\\SB_UTBOX.PBM
[ABM enc] parse BMP error, ..\\..\\CUSTOMER\\IMAGES\\PLUTO240X320\\MAINLCD\\MMS\\SB_DRAFTS.PBM
[ABM enc] parse BMP error, ..\\..\\CUSTOMER\\IMAGES\\PLUTO240X320\\MAINLCD\\MMS\\SB_SENT.PBM
[ABM enc] parse BMP error, ..\\..\\CUSTOMER\\IMAGES\\PLUTO240X320\\MAINLCD\\MMS\\SB_TEMP.PBM
[ABM enc] parse BMP error, ..\\..\\CUSTOMER\\IMAGES\\PLUTO240X320\\MAINLCD\\MMS\\SB_SET.PBM
[ABM enc] parse BMP error, ..\\..\\CUSTOMER\\IMAGES\\PLUTO240X320\\MAINLCD\\MMS\\EDITOR\\FROM.PBM
[ABM enc] parse BMP error, ..\\..\\CUSTOMER\\IMAGES\\PLUTO240X320\\MAINLCD\\MMS\\EDITOR\\TO.PBM
[ABM enc] parse BMP error, ..\\..\\CUSTOMER\\IMAGES\\PLUTO240X320\\MAINLCD\\MMS\\EDITOR\\CC.PBM
[ABM enc] parse BMP error, ..\\..\\CUSTOMER\\IMAGES\\PLUTO240X320\\MAINLCD\\MMS\\EDITOR\\BCC.PBM
[ABM enc] parse BMP error, ..\\..\\CUSTOMER\\IMAGES\\PLUTO240X320\\MAINLCD\\MMS\\EDITOR\\SB.PBM
[ABM enc] parse BMP error, ..\\..\\CUSTOMER\\IMAGES\\PLUTO240X320\\MAINLCD\\MMS\\EDITOR\\CONTENT.PBM
[ABM enc] parse BMP error, ..\\..\\CUSTOMER\\IMAGES\\PLUTO240X320\\MAINLCD\\MMS\\EDITOR\\SIZE.PBM
[ABM enc] parse BMP error, ..\\..\\CUSTOMER\\IMAGES\\PLUTO240X320\\MAINLCD\\MMS\\SETTING\\MMS_PERIOD.PBM
[ABM enc] parse BMP error, ..\\..\\CUSTOMER\\IMAGES\\PLUTO240X320\\MAINLCD\\MMS\\SETTING\\MMS_DELIVERYREPORT.PBM
[ABM enc] parse BMP error, ..\\..\\CUSTOMER\\IMAGES\\PLUTO240X320\\MAINLCD\\MMS\\SETTING\\MMS_READREPORT.PBM
[ABM enc] parse BMP error, ..\\..\\CUSTOMER\\IMAGES\\PLUTO240X320\\MAINLCD\\MMS\\SETTING\\MMS_PRIORITY.PBM
[ABM enc] parse BMP error, ..\\..\\CUSTOMER\\IMAGES\\PLUTO240X320\\MAINLCD\\MMS\\SETTING\\MMS_STIMING.PBM
[ABM enc] parse BMP error, ..\\..\\CUSTOMER\\IMAGES\\PLUTO240X320\\MAINLCD\\MMS\\SETTING\\MMS_DELIVERYTIME.PBM
[ABM enc] parse BMP error, ..\\..\\CUSTOMER\\IMAGES\\PLUTO240X320\\MAINLCD\\MMS\\SETTING\\MMS_SIG_STATUS.PBM
[ABM enc] parse BMP error, ..\\..\\CUSTOMER\\IMAGES\\PLUTO240X320\\MAINLCD\\MMS\\SETTING\\MMS_SIG_IMAGE.PBM
[ABM enc] parse BMP error, ..\\..\\CUSTOMER\\IMAGES\\PLUTO240X320\\MAINLCD\\MMS\\SETTING\\MMS_SIG_TEXT.PBM
Populating UCM Resources
Populating FTP Resource
Populating OPP Resource
Populating BPP Resource
Populating Download Agent Resources
convert.exe -channel Alpha -negate ..\\..\\CUSTOMER\\IMAGES\\PLUTO240X320\\MAINLCD\\DLAGENT\\DLT_LOADING\\0.PNG ..\\..\\CUSTOMER\\IMAGES\\PLUTO240X320\\MAINLCD\\DLAGENT\\DLT_LOADING\\0.BMP
convert.exe -channel Alpha -negate ..\\..\\CUSTOMER\\IMAGES\\PLUTO240X320\\MAINLCD\\DLAGENT\\DLT_LOADING\\1.PNG ..\\..\\CUSTOMER\\IMAGES\\PLUTO240X320\\MAINLCD\\DLAGENT\\DLT_LOADING\\1.BMP
convert.exe -channel Alpha -negate ..\\..\\CUSTOMER\\IMAGES\\PLUTO240X320\\MAINLCD\\DLAGENT\\DLT_LOADING\\2.PNG ..\\..\\CUSTOMER\\IMAGES\\PLUTO240X320\\MAINLCD\\DLAGENT\\DLT_LOADING\\2.BMP
[ABM enc] parse BMP error, ..\\..\\CUSTOMER\\IMAGES\\PLUTO240X320\\MAINLCD\\DLAGENT\\DL_COMPLETE.PBM
[ABM enc] parse BMP error, ..\\..\\CUSTOMER\\IMAGES\\PLUTO240X320\\MAINLCD\\DLAGENT\\DL_LOADING.PBM
[ABM enc] parse BMP error, ..\\..\\CUSTOMER\\IMAGES\\PLUTO240X320\\MAINLCD\\DLAGENT\\DL_PAUSE.PBM
Populating CCA Resource
[ABM enc] parse BMP error, ..\\..\\CUSTOMER\\IMAGES\\PLUTO240X320\\MAINLCD\\IDLESCREEN\\STATUSICONS\\DUALSIM\\MASTER\\SI_SIG1_CLOSE\\SI_SIG_1_CLOSE.BMP
[ABM enc] parse BMP error, ..\\..\\CUSTOMER\\IMAGES\\PLUTO240X320\\MAINLCD\\IDLESCREEN\\STATUSICONS\\DUALSIM\\SLAVE\\SI_SIG2_CLOSE\\SI_SIG_2_CLOSE.BMP
[ABM enc] parse BMP error, ..\\..\\CUSTOMER\\IMAGES\\PLUTO240X320\\MAINLCD\\IDLESCREEN\\STATUSICONS\\DUALSIM\\CALLFORWARD\\MASTER\\SI_NCIPHER.BMP
[ABM enc] parse BMP error, ..\\..\\CUSTOMER\\IMAGES\\PLUTO240X320\\MAINLCD\\IDLESCREEN\\STATUSICONS\\DUALSIM\\CALLFORWARD\\SLAVE\\SI_NCIPHER.BMP
[ABM enc] parse BMP error, ..\\..\\CUSTOMER\\IMAGES\\PLUTO240X320\\MAINLCD\\IDLESCREEN\\STATUSICONS\\DUALSIM\\SMSWAITTING\\MASTER\\SI_VOML1.BMP
[ABM enc] parse BMP error, ..\\..\\CUSTOMER\\IMAGES\\PLUTO240X320\\MAINLCD\\IDLESCREEN\\STATUSICONS\\DUALSIM\\SMSWAITTING\\MASTER\\SI_VOML2.BMP
[ABM enc] parse BMP error, ..\\..\\CUSTOMER\\IMAGES\\PLUTO240X320\\MAINLCD\\IDLESCREEN\\STATUSICONS\\DUALSIM\\SMSWAITTING\\MASTER\\SI_VOML12.BMP
[ABM enc] parse BMP error, ..\\..\\CUSTOMER\\IMAGES\\PLUTO240X320\\MAINLCD\\IDLESCREEN\\STATUSICONS\\DUALSIM\\SMSWAITTING\\SLAVE\\SI_VOML1.BMP
[ABM enc] parse BMP error, ..\\..\\CUSTOMER\\IMAGES\\PLUTO240X320\\MAINLCD\\IDLESCREEN\\STATUSICONS\\DUALSIM\\SMSWAITTING\\SLAVE\\SI_VOML2.BMP
[ABM enc] parse BMP error, ..\\..\\CUSTOMER\\IMAGES\\PLUTO240X320\\MAINLCD\\IDLESCREEN\\STATUSICONS\\DUALSIM\\SMSWAITTING\\SLAVE\\SI_VOML12.BMP
[ABM enc] parse BMP error, ..\\..\\CUSTOMER\\IMAGES\\PLUTO240X320\\MAINLCD\\DUALSIM\\SETUP\\SECURITY_SETUP_2.BMP
[ABM enc] parse BMP error, ..\\..\\CUSTOMER\\IMAGES\\PLUTO240X320\\MAINLCD\\IDLESCREEN\\STATUSICONS\\DUALSIM\\CALLFORWARD\\SLAVE\\SI_FOR_2.BMP
[ABM enc] parse BMP error, ..\\..\\CUSTOMER\\IMAGES\\PLUTO240X320\\MAINLCD\\IDLESCREEN\\STATUSICONS\\DUALSIM\\CALLFORWARD\\SLAVE\\SI_FOR_L1_2.BMP
[ABM enc] parse BMP error, ..\\..\\CUSTOMER\\IMAGES\\PLUTO240X320\\MAINLCD\\IDLESCREEN\\STATUSICONS\\DUALSIM\\CALLFORWARD\\SLAVE\\SI_FOR_L2_2.BMP
[ABM enc] parse BMP error, ..\\..\\CUSTOMER\\IMAGES\\PLUTO240X320\\MAINLCD\\IDLESCREEN\\STATUSICONS\\DUALSIM\\CALLFORWARD\\SLAVE\SI_MGE_2.BMP
[ABM enc] parse BMP error, ..\\..\\CUSTOMER\\IMAGES\\PLUTO240X320\\MAINLCD\\IDLESCREEN\\STATUSICONS\\DUALSIM\\MMS\\MASTER\SI_UNREAD_1.BMP
[ABM enc] parse BMP error, ..\\..\\CUSTOMER\\IMAGES\\PLUTO240X320\\MAINLCD\\IDLESCREEN\\STATUSICONS\\DUALSIM\\MMS\\SLAVE\SI_UNREAD_2.BMP
[ABM enc] parse BMP error, ..\\..\\CUSTOMER\\IMAGES\\PLUTO240X320\\MAINLCD\\IDLESCREEN\\STATUSICONS\\DUALSIM\\MMS\\MASTER\SI_BUSY_1.BMP
[ABM enc] parse BMP error, ..\\..\\CUSTOMER\\IMAGES\\PLUTO240X320\\MAINLCD\\IDLESCREEN\\STATUSICONS\\DUALSIM\\MMS\\SLAVE\SI_BUSY_2.BMP
[ABM enc] parse BMP error, ..\\..\\CUSTOMER\\IMAGES\\PLUTO240X320\\MAINLCD\\IDLESCREEN\\STATUSICONS\\DUALSIM\\GPRS\\MASTER\SI_EDGE_SIM1.BMP
[ABM enc] parse BMP error, ..\\..\\CUSTOMER\\IMAGES\\PLUTO240X320\\MAINLCD\\IDLESCREEN\\STATUSICONS\\DUALSIM\\GPRS\\MASTER\SI_EDGEC_SIM1.BMP
[ABM enc] parse BMP error, ..\\..\\CUSTOMER\\IMAGES\\PLUTO240X320\\MAINLCD\\IDLESCREEN\\STATUSICONS\\DUALSIM\\GPRS\\SLAVE\SI_EDGE_SIM2.BMP
[ABM enc] parse BMP error, ..\\..\\CUSTOMER\\IMAGES\\PLUTO240X320\\MAINLCD\\IDLESCREEN\\STATUSICONS\\DUALSIM\\GPRS\\SLAVE\SI_EDGEC_SIM2.BMP
[ABM enc] parse BMP error, ..\\..\\CUSTOMER\\IMAGES\\PLUTO240X320\\MAINLCD\\IDLESCREEN\\STATUSICONS\\DUALSIM\\CALLFORWARD\\MASTER\SI_MCA_1.BMP
[ABM enc] parse BMP error, ..\\..\\CUSTOMER\\IMAGES\\PLUTO240X320\\MAINLCD\\IDLESCREEN\\STATUSICONS\\DUALSIM\\CALLFORWARD\\SLAVE\\SI_MCA_2.BMP
[ABM enc] parse BMP error, ..\\..\\CUSTOMER\\IMAGES\\PLUTO240X320\\MAINLCD\\VIDEO\\VIDEOPLAYER\\OSD_VER\\TV_VOL_1.PBM
[ABM enc] parse BMP error, ..\\..\\CUSTOMER\\IMAGES\\PLUTO240X320\\MAINLCD\\VIDEO\\VIDEOPLAYER\\OSD_VER\\TV_VOL_2.PBM
[ABM enc] parse BMP error, ..\\..\\CUSTOMER\\IMAGES\\PLUTO240X320\\MAINLCD\\VIDEO\\VIDEOPLAYER\\OSD_VER\\TV_VOL_3.PBM
[ABM enc] parse BMP error, ..\\..\\CUSTOMER\\IMAGES\\PLUTO240X320\\MAINLCD\\VIDEO\\VIDEOPLAYER\\OSD_VER\\TV_VOL_4.PBM
[ABM enc] parse BMP error, ..\\..\\CUSTOMER\\IMAGES\\PLUTO240X320\\MAINLCD\\VIDEO\\VIDEOPLAYER\\OSD_VER\\TV_VOL_5.PBM
[ABM enc] parse BMP error, ..\\..\\CUSTOMER\\IMAGES\\PLUTO240X320\\MAINLCD\\VIDEO\\VIDEOPLAYER\\OSD_VER\\TV_VOL_6.PBM
[ABM enc] parse BMP error, ..\\..\\CUSTOMER\\IMAGES\\PLUTO240X320\\MAINLCD\\VIDEO\\VIDEOPLAYER\\OSD_VER\\TV_VOL_7.PBM
[ABM enc] parse BMP error, ..\\..\\CUSTOMER\\IMAGES\\PLUTO240X320\\MAINLCD\\VIDEO\\VIDEOPLAYER\\OSD_VER\\TV_VOL_MUTE.PBM
[ABM enc] parse BMP error, ..\\..\\CUSTOMER\\IMAGES\\PLUTO240X320\\MAINLCD\\VIDEO\\VIDEOPLAYER\\OSD_VER\\TV_VOL_INC.PBM
[ABM enc] parse BMP error, ..\\..\\CUSTOMER\\IMAGES\\PLUTO240X320\\MAINLCD\\VIDEO\\VIDEOPLAYER\\OSD_VER\\TV_VOL_INC_SEL.PBM
[ABM enc] parse BMP error, ..\\..\\CUSTOMER\\IMAGES\\PLUTO240X320\\MAINLCD\\VIDEO\\VIDEOPLAYER\\OSD_VER\\TV_VOL_INC_DIS.PBM
[ABM enc] parse BMP error, ..\\..\\CUSTOMER\\IMAGES\\PLUTO240X320\\MAINLCD\\VIDEO\\VIDEOPLAYER\\OSD_VER\\TV_VOL_DEC.PBM
[ABM enc] parse BMP error, ..\\..\\CUSTOMER\\IMAGES\\PLUTO240X320\\MAINLCD\\VIDEO\\VIDEOPLAYER\\OSD_VER\\TV_VOL_DEC_SEL.PBM
[ABM enc] parse BMP error, ..\\..\\CUSTOMER\\IMAGES\\PLUTO240X320\\MAINLCD\\VIDEO\\VIDEOPLAYER\\OSD_VER\\TV_VOL_DEC_DIS.PBM
[ABM enc] parse BMP error, ..\\..\\CUSTOMER\\IMAGES\\PLUTO240X320\\MAINLCD\\VIDEO\\VIDEOPLAYER\\OSD_VER\\TV_CHANNEL_INC.PBM
[ABM enc] parse BMP error, ..\\..\\CUSTOMER\\IMAGES\\PLUTO240X320\\MAINLCD\\VIDEO\\VIDEOPLAYER\\OSD_VER\\TV_CHANNEL_INC_SEL.PBM
[ABM enc] parse BMP error, ..\\..\\CUSTOMER\\IMAGES\\PLUTO240X320\\MAINLCD\\VIDEO\\VIDEOPLAYER\\OSD_VER\\TV_CHANNEL_INC_DIS.PBM
[ABM enc] parse BMP error, ..\\..\\CUSTOMER\\IMAGES\\PLUTO240X320\\MAINLCD\\VIDEO\\VIDEOPLAYER\\OSD_VER\\TV_CHANNEL_DEC.PBM
[ABM enc] parse BMP error, ..\\..\\CUSTOMER\\IMAGES\\PLUTO240X320\\MAINLCD\\VIDEO\\VIDEOPLAYER\\OSD_VER\\TV_CHANNEL_DEC_SEL.PBM
[ABM enc] parse BMP error, ..\\..\\CUSTOMER\\IMAGES\\PLUTO240X320\\MAINLCD\\VIDEO\\VIDEOPLAYER\\OSD_VER\\TV_CHANNEL_DEC_DIS.PBM
[ABM enc] parse BMP error, ..\\..\\CUSTOMER\\IMAGES\\PLUTO240X320\\MAINLCD\\VIDEO\\VIDEOPLAYER\\OSD_VER\\TV_FULLSCREEN.PBM
Please see NoTranslation.txt to see the result...
